Archive member included to satisfy reference by file (symbol)

/home/gena/.mcuxpressotools/arm-gnu-toolchain-14.2.rel1-x86_64-arm-none-eabi/bin/../lib/gcc/arm-none-eabi/14.2.1/../../../../arm-none-eabi/lib/thumb/v7e-m+fp/hard/libcr_c.a(memcpy.o)
                              CMakeFiles/MKE18F16_inverter.elf.dir/drivers/fsl_ftfx_controller.o (memcpy)
/home/gena/.mcuxpressotools/arm-gnu-toolchain-14.2.rel1-x86_64-arm-none-eabi/bin/../lib/gcc/arm-none-eabi/14.2.1/../../../../arm-none-eabi/lib/thumb/v7e-m+fp/hard/libcr_c.a(memset.o)
                              CMakeFiles/MKE18F16_inverter.elf.dir/component/serial_manager/serial_manager.o (memset)
/home/gena/.mcuxpressotools/arm-gnu-toolchain-14.2.rel1-x86_64-arm-none-eabi/bin/../lib/gcc/arm-none-eabi/14.2.1/../../../../arm-none-eabi/lib/thumb/v7e-m+fp/hard/libcr_c.a(__weak__main.o)
                              CMakeFiles/MKE18F16_inverter.elf.dir/startup/startup_mke18f16.o (__main)
/home/gena/.mcuxpressotools/arm-gnu-toolchain-14.2.rel1-x86_64-arm-none-eabi/bin/../lib/gcc/arm-none-eabi/14.2.1/../../../../arm-none-eabi/lib/thumb/v7e-m+fp/hard/libcr_c.a(_cr_assert.o)
                              CMakeFiles/MKE18F16_inverter.elf.dir/board/pin_mux.o (__assertion_failed)
/home/gena/.mcuxpressotools/arm-gnu-toolchain-14.2.rel1-x86_64-arm-none-eabi/bin/../lib/gcc/arm-none-eabi/14.2.1/../../../../arm-none-eabi/lib/thumb/v7e-m+fp/hard/libcr_c.a(alloc.o)
                              CMakeFiles/MKE18F16_inverter.elf.dir/drivers/fsl_common.o (malloc)
/home/gena/.mcuxpressotools/arm-gnu-toolchain-14.2.rel1-x86_64-arm-none-eabi/bin/../lib/gcc/arm-none-eabi/14.2.1/../../../../arm-none-eabi/lib/thumb/v7e-m+fp/hard/libcr_c.a(printf.o)
                              CMakeFiles/MKE18F16_inverter.elf.dir/source/MKE18F16_inverter.o (_printf)
/home/gena/.mcuxpressotools/arm-gnu-toolchain-14.2.rel1-x86_64-arm-none-eabi/bin/../lib/gcc/arm-none-eabi/14.2.1/../../../../arm-none-eabi/lib/thumb/v7e-m+fp/hard/libcr_c.a(scanf.o)
                              CMakeFiles/MKE18F16_inverter.elf.dir/utilities/fsl_str.o (strtoul)
/home/gena/.mcuxpressotools/arm-gnu-toolchain-14.2.rel1-x86_64-arm-none-eabi/bin/../lib/gcc/arm-none-eabi/14.2.1/../../../../arm-none-eabi/lib/thumb/v7e-m+fp/hard/libcr_c.a(strlen.o)
                              CMakeFiles/MKE18F16_inverter.elf.dir/utilities/fsl_str.o (strlen)
/home/gena/.mcuxpressotools/arm-gnu-toolchain-14.2.rel1-x86_64-arm-none-eabi/bin/../lib/gcc/arm-none-eabi/14.2.1/../../../../arm-none-eabi/lib/thumb/v7e-m+fp/hard/libcr_c.a(ungetc.o)
                              /home/gena/.mcuxpressotools/arm-gnu-toolchain-14.2.rel1-x86_64-arm-none-eabi/bin/../lib/gcc/arm-none-eabi/14.2.1/../../../../arm-none-eabi/lib/thumb/v7e-m+fp/hard/libcr_c.a(scanf.o) (ungetc)
/home/gena/.mcuxpressotools/arm-gnu-toolchain-14.2.rel1-x86_64-arm-none-eabi/bin/../lib/gcc/arm-none-eabi/14.2.1/../../../../arm-none-eabi/lib/thumb/v7e-m+fp/hard/libcr_c.a(__fillbuf.o)
                              /home/gena/.mcuxpressotools/arm-gnu-toolchain-14.2.rel1-x86_64-arm-none-eabi/bin/../lib/gcc/arm-none-eabi/14.2.1/../../../../arm-none-eabi/lib/thumb/v7e-m+fp/hard/libcr_c.a(scanf.o) (__filbuf)
/home/gena/.mcuxpressotools/arm-gnu-toolchain-14.2.rel1-x86_64-arm-none-eabi/bin/../lib/gcc/arm-none-eabi/14.2.1/../../../../arm-none-eabi/lib/thumb/v7e-m+fp/hard/libcr_c.a(__init_alloc.o)
                              /home/gena/.mcuxpressotools/arm-gnu-toolchain-14.2.rel1-x86_64-arm-none-eabi/bin/../lib/gcc/arm-none-eabi/14.2.1/../../../../arm-none-eabi/lib/thumb/v7e-m+fp/hard/libcr_c.a(alloc.o) (__heaps)
/home/gena/.mcuxpressotools/arm-gnu-toolchain-14.2.rel1-x86_64-arm-none-eabi/bin/../lib/gcc/arm-none-eabi/14.2.1/../../../../arm-none-eabi/lib/thumb/v7e-m+fp/hard/libcr_c.a(_cr_sbrk.o)
                              /home/gena/.mcuxpressotools/arm-gnu-toolchain-14.2.rel1-x86_64-arm-none-eabi/bin/../lib/gcc/arm-none-eabi/14.2.1/../../../../arm-none-eabi/lib/thumb/v7e-m+fp/hard/libcr_c.a(alloc.o) (_sbrk)
/home/gena/.mcuxpressotools/arm-gnu-toolchain-14.2.rel1-x86_64-arm-none-eabi/bin/../lib/gcc/arm-none-eabi/14.2.1/../../../../arm-none-eabi/lib/thumb/v7e-m+fp/hard/libcr_c.a(_deferredlazyseek.o)
                              /home/gena/.mcuxpressotools/arm-gnu-toolchain-14.2.rel1-x86_64-arm-none-eabi/bin/../lib/gcc/arm-none-eabi/14.2.1/../../../../arm-none-eabi/lib/thumb/v7e-m+fp/hard/libcr_c.a(__fillbuf.o) (_deferredlazyseek)
/home/gena/.mcuxpressotools/arm-gnu-toolchain-14.2.rel1-x86_64-arm-none-eabi/bin/../lib/gcc/arm-none-eabi/14.2.1/../../../../arm-none-eabi/lib/thumb/v7e-m+fp/hard/libcr_c.a(_fflush.o)
                              /home/gena/.mcuxpressotools/arm-gnu-toolchain-14.2.rel1-x86_64-arm-none-eabi/bin/../lib/gcc/arm-none-eabi/14.2.1/../../../../arm-none-eabi/lib/thumb/v7e-m+fp/hard/libcr_c.a(__fillbuf.o) (_fflush)
[...]
Memory Configuration

Name             Origin             Length             Attributes
PROGRAM_FLASH    0x00000000         0x00080000         xr
SRAM_UPPER       0x20000000         0x00008000         xrw
SRAM_LOWER       0x1fff8000         0x00008000         xrw
FLEX_RAM         0x14000000         0x00001000         xrw
*default*        0x00000000         0xffffffff

Linker script and memory map

LOAD CMakeFiles/MKE18F16_inverter.elf.dir/board/pin_mux.o
LOAD CMakeFiles/MKE18F16_inverter.elf.dir/board/peripherals.o
LOAD CMakeFiles/MKE18F16_inverter.elf.dir/board/clock_config.o
LOAD CMakeFiles/MKE18F16_inverter.elf.dir/board/board.o
LOAD CMakeFiles/MKE18F16_inverter.elf.dir/component/uart/lpuart_adapter.o
LOAD CMakeFiles/MKE18F16_inverter.elf.dir/component/serial_manager/serial_port_uart.o
LOAD CMakeFiles/MKE18F16_inverter.elf.dir/component/serial_manager/serial_port_swo.o
LOAD CMakeFiles/MKE18F16_inverter.elf.dir/component/serial_manager/serial_manager.o
LOAD CMakeFiles/MKE18F16_inverter.elf.dir/component/lists/generic_list.o
LOAD CMakeFiles/MKE18F16_inverter.elf.dir/device/system_MKE18F16.o
LOAD CMakeFiles/MKE18F16_inverter.elf.dir/drivers/fsl_wdog32.o
LOAD CMakeFiles/MKE18F16_inverter.elf.dir/drivers/fsl_trgmux.o
LOAD CMakeFiles/MKE18F16_inverter.elf.dir/drivers/fsl_smc.o
LOAD CMakeFiles/MKE18F16_inverter.elf.dir/drivers/fsl_rtc.o
LOAD CMakeFiles/MKE18F16_inverter.elf.dir/drivers/fsl_rcm.o
LOAD CMakeFiles/MKE18F16_inverter.elf.dir/drivers/fsl_pwt.o
LOAD CMakeFiles/MKE18F16_inverter.elf.dir/drivers/fsl_pmc.o
LOAD CMakeFiles/MKE18F16_inverter.elf.dir/drivers/fsl_pdb.o
LOAD CMakeFiles/MKE18F16_inverter.elf.dir/drivers/fsl_lpuart.o
LOAD CMakeFiles/MKE18F16_inverter.elf.dir/drivers/fsl_lptmr.o
LOAD CMakeFiles/MKE18F16_inverter.elf.dir/drivers/fsl_lpit.o
LOAD CMakeFiles/MKE18F16_inverter.elf.dir/drivers/fsl_gpio.o
LOAD CMakeFiles/MKE18F16_inverter.elf.dir/drivers/fsl_ftm.o
LOAD CMakeFiles/MKE18F16_inverter.elf.dir/drivers/fsl_ftfx_flexnvm.o
LOAD CMakeFiles/MKE18F16_inverter.elf.dir/drivers/fsl_ftfx_flash.o
LOAD CMakeFiles/MKE18F16_inverter.elf.dir/drivers/fsl_ftfx_controller.o
LOAD CMakeFiles/MKE18F16_inverter.elf.dir/drivers/fsl_ftfx_cache.o
LOAD CMakeFiles/MKE18F16_inverter.elf.dir/drivers/fsl_ewm.o
LOAD CMakeFiles/MKE18F16_inverter.elf.dir/drivers/fsl_edma.o
LOAD CMakeFiles/MKE18F16_inverter.elf.dir/drivers/fsl_dmamux.o
LOAD CMakeFiles/MKE18F16_inverter.elf.dir/drivers/fsl_dac32.o
LOAD CMakeFiles/MKE18F16_inverter.elf.dir/drivers/fsl_crc.o
LOAD CMakeFiles/MKE18F16_inverter.elf.dir/drivers/fsl_common.o
LOAD CMakeFiles/MKE18F16_inverter.elf.dir/drivers/fsl_clock.o
LOAD CMakeFiles/MKE18F16_inverter.elf.dir/drivers/fsl_adc12.o
LOAD CMakeFiles/MKE18F16_inverter.elf.dir/freertos/freertos_kernel/timers.o
LOAD CMakeFiles/MKE18F16_inverter.elf.dir/freertos/freertos_kernel/tasks.o
LOAD CMakeFiles/MKE18F16_inverter.elf.dir/freertos/freertos_kernel/stream_buffer.o
LOAD CMakeFiles/MKE18F16_inverter.elf.dir/freertos/freertos_kernel/queue.o
LOAD CMakeFiles/MKE18F16_inverter.elf.dir/freertos/freertos_kernel/list.o
LOAD CMakeFiles/MKE18F16_inverter.elf.dir/freertos/freertos_kernel/event_groups.o
LOAD CMakeFiles/MKE18F16_inverter.elf.dir/freertos/freertos_kernel/croutine.o
LOAD CMakeFiles/MKE18F16_inverter.elf.dir/freertos/freertos_kernel/portable/MemMang/heap_4.o
LOAD CMakeFiles/MKE18F16_inverter.elf.dir/freertos/freertos_kernel/portable/GCC/ARM_CM4F/port.o
LOAD CMakeFiles/MKE18F16_inverter.elf.dir/source/semihost_hardfault.o
LOAD CMakeFiles/MKE18F16_inverter.elf.dir/source/MKE18F16_inverter.o
LOAD CMakeFiles/MKE18F16_inverter.elf.dir/source/inverter/sine_gen.o
LOAD CMakeFiles/MKE18F16_inverter.elf.dir/source/inverter/pi_ctrl.o
LOAD CMakeFiles/MKE18F16_inverter.elf.dir/source/inverter/ftm_spwm_dma.o
LOAD CMakeFiles/MKE18F16_inverter.elf.dir/source/inverter/board_init_ext.o
LOAD CMakeFiles/MKE18F16_inverter.elf.dir/source/inverter/app_buttons_led.o
LOAD CMakeFiles/MKE18F16_inverter.elf.dir/startup/startup_mke18f16.o
LOAD CMakeFiles/MKE18F16_inverter.elf.dir/utilities/fsl_str.o
LOAD CMakeFiles/MKE18F16_inverter.elf.dir/utilities/fsl_debug_console.o
START GROUP
LOAD /home/gena/.mcuxpressotools/arm-gnu-toolchain-14.2.rel1-x86_64-arm-none-eabi/bin/../lib/gcc/arm-none-eabi/14.2.1/../../../../arm-none-eabi/lib/thumb/v7e-m+fp/hard/libcr_c.a
LOAD /home/gena/.mcuxpressotools/arm-gnu-toolchain-14.2.rel1-x86_64-arm-none-eabi/bin/../lib/gcc/arm-none-eabi/14.2.1/thumb/v7e-m+fp/hard/libcr_eabihelpers.a
LOAD /home/gena/.mcuxpressotools/arm-gnu-toolchain-14.2.rel1-x86_64-arm-none-eabi/bin/../lib/gcc/arm-none-eabi/14.2.1/thumb/v7e-m+fp/hard/libgcc.a
LOAD /home/gena/.mcuxpressotools/arm-gnu-toolchain-14.2.rel1-x86_64-arm-none-eabi/bin/../lib/gcc/arm-none-eabi/14.2.1/../../../../arm-none-eabi/lib/thumb/v7e-m+fp/hard/libcr_semihost.a
LOAD /home/gena/Документы/PlatformIO/mcuxpresso/MKE18F16_inverter/libs/AMCLIB/libAMCLIB.a
LOAD /home/gena/Документы/PlatformIO/mcuxpresso/MKE18F16_inverter/libs/GMCLIB/libGMCLIB.a
LOAD /home/gena/Документы/PlatformIO/mcuxpresso/MKE18F16_inverter/libs/GFLIB/libGFLIB.a
LOAD /home/gena/Документы/PlatformIO/mcuxpresso/MKE18F16_inverter/libs/GDFLIB/libGDFLIB.a
LOAD /home/gena/Документы/PlatformIO/mcuxpresso/MKE18F16_inverter/libs/MLIB/libMLIB.a
LOAD /home/gena/Документы/PlatformIO/mcuxpresso/MKE18F16_inverter/libs/PCLIB/libPCLIB.a
LOAD /home/gena/Документы/PlatformIO/mcuxpresso/MKE18F16_inverter/libs/libarm_cortexM4lf_math.a
LOAD /home/gena/Документы/PlatformIO/mcuxpresso/MKE18F16_inverter/libs/libarm_cortexM7l_math.a
END GROUP
START GROUP
LOAD /home/gena/.mcuxpressotools/arm-gnu-toolchain-14.2.rel1-x86_64-arm-none-eabi/bin/../lib/gcc/arm-none-eabi/14.2.1/../../../../arm-none-eabi/lib/thumb/v7e-m+fp/hard/libcr_semihost_nf.a
LOAD /home/gena/.mcuxpressotools/arm-gnu-toolchain-14.2.rel1-x86_64-arm-none-eabi/bin/../lib/gcc/arm-none-eabi/14.2.1/../../../../arm-none-eabi/lib/thumb/v7e-m+fp/hard/libcr_c.a
LOAD /home/gena/.mcuxpressotools/arm-gnu-toolchain-14.2.rel1-x86_64-arm-none-eabi/bin/../lib/gcc/arm-none-eabi/14.2.1/thumb/v7e-m+fp/hard/libcr_eabihelpers.a
LOAD /home/gena/.mcuxpressotools/arm-gnu-toolchain-14.2.rel1-x86_64-arm-none-eabi/bin/../lib/gcc/arm-none-eabi/14.2.1/thumb/v7e-m+fp/hard/libgcc.a
END GROUP
                0x00000000                        __base_PROGRAM_FLASH = 0x0
                0x00000000                        __base_Flash = 0x0
                0x00080000                        __top_PROGRAM_FLASH = 0x80000
                0x00080000                        __top_Flash = 0x80000
                0x20000000                        __base_SRAM_UPPER = 0x20000000
                0x20000000                        __base_RAM = 0x20000000
                0x20008000                        __top_SRAM_UPPER = 0x20008000
                0x20008000                        __top_RAM = 0x20008000
                0x1fff8000                        __base_SRAM_LOWER = 0x1fff8000
                0x1fff8000                        __base_RAM2 = 0x1fff8000
                0x20000000                        __top_SRAM_LOWER = 0x20000000
                0x20000000                        __top_RAM2 = 0x20000000
                0x14000000                        __base_FLEX_RAM = 0x14000000
                0x14000000                        __base_RAM3 = 0x14000000
                0x14001000                        __top_FLEX_RAM = 0x14001000
                0x14001000                        __top_RAM3 = 0x14001000

.text           0x00000000     0x99f8
 FILL mask 0xff
                0x00000000                        __vectors_start__ = ABSOLUTE (.)
 *(SORT_BY_ALIGNMENT(.isr_vector))
 .isr_vector    0x00000000      0x1a4 CMakeFiles/MKE18F16_inverter.elf.dir/startup/startup_mke18f16.o
                0x00000000                __Vectors
                0x00000000                g_pfnVectors
                0x000001a4                        . = ALIGN (0x4)
                0x000001a4                        __section_table_start = .
                0x000001a4                        __data_section_table = .
                0x000001a4        0x4 LONG 0x99f8 LOADADDR (.data)
                0x000001a8        0x4 LONG 0x20000000 ADDR (.data)
                0x000001ac        0x4 LONG 0x18 SIZEOF (.data)
                0x000001b0        0x4 LONG 0x99f8 LOADADDR (.data_RAM2)
                0x000001b4        0x4 LONG 0x1fff8000 ADDR (.data_RAM2)
                0x000001b8        0x4 LONG 0x0 SIZEOF (.data_RAM2)
                0x000001bc        0x4 LONG 0x99f8 LOADADDR (.data_RAM3)
                0x000001c0        0x4 LONG 0x14000000 ADDR (.data_RAM3)
                0x000001c4        0x4 LONG 0x0 SIZEOF (.data_RAM3)
                0x000001c8                        __data_section_table_end = .
                0x000001c8                        __bss_section_table = .
                0x000001c8        0x4 LONG 0x20000018 ADDR (.bss)
                0x000001cc        0x4 LONG 0x2d78 SIZEOF (.bss)
                0x000001d0        0x4 LONG 0x1fff8000 ADDR (.bss_RAM2)
                0x000001d4        0x4 LONG 0x0 SIZEOF (.bss_RAM2)
                0x000001d8        0x4 LONG 0x14000000 ADDR (.bss_RAM3)
                0x000001dc        0x4 LONG 0x0 SIZEOF (.bss_RAM3)
                0x000001e0                        __bss_section_table_end = .
                0x000001e0                        __section_table_end = .
 *(SORT_BY_ALIGNMENT(.after_vectors*))
 .after_vectors.reset
                0x000001e0       0x74 CMakeFiles/MKE18F16_inverter.elf.dir/startup/startup_mke18f16.o
                0x000001e0                ResetISR
 .after_vectors.init_data
                0x00000254       0x1e CMakeFiles/MKE18F16_inverter.elf.dir/startup/startup_mke18f16.o
                0x00000254                data_init
 .after_vectors.init_bss
                0x00000272       0x12 CMakeFiles/MKE18F16_inverter.elf.dir/startup/startup_mke18f16.o
                0x00000272                bss_init
 .after_vectors
                0x00000284       0x14 CMakeFiles/MKE18F16_inverter.elf.dir/startup/startup_mke18f16.o
                0x00000284                NMI_Handler
                0x00000288                MemManage_Handler
                0x0000028a                BusFault_Handler
                0x0000028c                UsageFault_Handler
                0x00000290                DebugMon_Handler
                0x00000296                Reserved39_DriverIRQHandler
                0x00000296                PORTB_DriverIRQHandler
                0x00000296                LPTMR0_DriverIRQHandler
                0x00000296                DMA_Error_DriverIRQHandler
                0x00000296                FTM1_DriverIRQHandler
                0x00000296                LPI2C0_DriverIRQHandler
                0x00000296                Reserved100_DriverIRQHandler
                0x00000296                FTM2_DriverIRQHandler
                0x00000296                Reserved82_DriverIRQHandler
                0x00000296                RTC_Seconds_DriverIRQHandler
                0x00000296                MCM_DriverIRQHandler
                0x00000296                LPIT0_Ch0_DriverIRQHandler
                0x00000296                Reserved69_DriverIRQHandler
                0x00000296                PDB1_DriverIRQHandler
                0x00000296                CMP1_DriverIRQHandler
                0x00000296                FTM0_DriverIRQHandler
                0x00000296                IntDefaultHandler
                0x00000296                SCG_RCM_DriverIRQHandler
                0x00000296                PORTC_DriverIRQHandler
                0x00000296                FLEXIO_DriverIRQHandler
                0x00000296                DAC0_DriverIRQHandler
                0x00000296                CMP2_DriverIRQHandler
                0x00000296                LVD_LVW_DriverIRQHandler
                0x00000296                PWT_DriverIRQHandler
                0x00000296                Reserved53_DriverIRQHandler
                0x00000296                Reserved91_DriverIRQHandler
                0x00000296                Reserved71_DriverIRQHandler
                0x00000296                ADC1_DriverIRQHandler
                0x00000296                PORTA_DriverIRQHandler
                0x00000296                Reserved92_DriverIRQHandler
                0x00000296                WDOG_EWM_DriverIRQHandler
                0x00000296                PDB0_DriverIRQHandler
                0x00000296                LPSPI0_DriverIRQHandler
                0x00000296                Reserved83_DriverIRQHandler
                0x00000296                Reserved61_DriverIRQHandler
                0x00000296                LPIT0_Ch2_DriverIRQHandler
                0x00000296                RTC_DriverIRQHandler
                0x00000296                Read_Collision_DriverIRQHandler
                0x00000296                Reserved54_DriverIRQHandler
                0x00000296                SWI_DriverIRQHandler
                0x00000296                Reserved99_DriverIRQHandler
                0x00000296                LPI2C1_DriverIRQHandler
                0x00000296                PDB2_DriverIRQHandler
                0x00000296                Reserved44_DriverIRQHandler
                0x00000296                LPIT0_Ch1_DriverIRQHandler
                0x00000296                LPSPI1_DriverIRQHandler
                0x00000296                Reserved81_DriverIRQHandler
                0x00000296                Reserved88_DriverIRQHandler
                0x00000296                ADC0_DriverIRQHandler
                0x00000296                LPIT0_Ch3_DriverIRQHandler
                0x00000296                Doublebit_Fault_DriverIRQHandler
                0x00000296                CMP0_DriverIRQHandler
                0x00000296                CAN0_DriverIRQHandler
                0x00000296                Reserved98_DriverIRQHandler
                0x00000296                FTM3_DriverIRQHandler
                0x00000296                ADC2_DriverIRQHandler
                0x00000296                PORTD_DriverIRQHandler
                0x00000296                Reserved46_DriverIRQHandler
                0x00000296                Reserved70_DriverIRQHandler
                0x00000296                PORTE_DriverIRQHandler
                0x00000296                FTFE_DriverIRQHandler
                0x00000296                CAN1_DriverIRQHandler
                0x00000400                        . = 0x400
 *fill*         0x00000298      0x168 ff
                0x00000400                        PROVIDE (__FLASH_CONFIG_START__ = .)
 *(SORT_BY_ALIGNMENT(.FlashConfig))
 .FlashConfig   0x00000400       0x10 CMakeFiles/MKE18F16_inverter.elf.dir/startup/startup_mke18f16.o
                0x00000400                Flash_Config
                0x00000410                        PROVIDE (__FLASH_CONFIG_END__ = .)
                0x00000001                        ASSERT (! ((__FLASH_CONFIG_START__ == __FLASH_CONFIG_END__)), Linker Flash Config Support Enabled, but no .FlashConfig section provided within application)
 *(SORT_BY_ALIGNMENT(.text*))
 .text.SVC_Handler
                0x00000410       0x28 CMakeFiles/MKE18F16_inverter.elf.dir/freertos/freertos_kernel/portable/GCC/ARM_CM4F/port.o
                0x00000410                SVC_Handler
 *fill*         0x00000438        0x8 ff
 .text.PendSV_Handler
                0x00000440       0x68 CMakeFiles/MKE18F16_inverter.elf.dir/freertos/freertos_kernel/portable/GCC/ARM_CM4F/port.o
                0x00000440                PendSV_Handler
 .text.CLOCK_EnableClock
                0x000004a8       0x30 CMakeFiles/MKE18F16_inverter.elf.dir/board/pin_mux.o
 .text.PORT_SetPinConfig
                0x000004d8       0x38 CMakeFiles/MKE18F16_inverter.elf.dir/board/pin_mux.o
 .text.BOARD_InitPins
                0x00000510      0x148 CMakeFiles/MKE18F16_inverter.elf.dir/board/pin_mux.o
                0x00000510                BOARD_InitPins
 .text.FTM1_init
                0x00000658       0x48 CMakeFiles/MKE18F16_inverter.elf.dir/board/peripherals.o
 .text.ADC0_init
                0x000006a0       0x48 CMakeFiles/MKE18F16_inverter.elf.dir/board/peripherals.o
 .text.PDB0_init
                0x000006e8       0x24 CMakeFiles/MKE18F16_inverter.elf.dir/board/peripherals.o
 .text.CLOCK_SetIpSrc
                0x0000070c       0x60 CMakeFiles/MKE18F16_inverter.elf.dir/board/clock_config.o
 .text.CLOCK_SetRunModeSysClkConfig
                0x0000076c       0x30 CMakeFiles/MKE18F16_inverter.elf.dir/board/clock_config.o
 .text.CLOCK_GetCurSysClkConfig
                0x0000079c       0x30 CMakeFiles/MKE18F16_inverter.elf.dir/board/clock_config.o
 .text.CLOCK_CONFIG_FircSafeConfig
                0x000007cc       0xa8 CMakeFiles/MKE18F16_inverter.elf.dir/board/clock_config.o
 .text.BOARD_BootClockRUN
                0x00000874       0x74 CMakeFiles/MKE18F16_inverter.elf.dir/board/clock_config.o
                0x00000874                BOARD_BootClockRUN
 .text.CLOCK_SetIpSrc
                0x000008e8       0x60 CMakeFiles/MKE18F16_inverter.elf.dir/board/board.o
 .text.CLOCK_IsSysPllValid
                0x00000948       0x28 CMakeFiles/MKE18F16_inverter.elf.dir/board/board.o
 .text.BOARD_InitDebugConsole
                0x00000970       0x44 CMakeFiles/MKE18F16_inverter.elf.dir/board/board.o
                0x00000970                BOARD_InitDebugConsole
 .text.SystemInit
                0x000009b4       0x90 CMakeFiles/MKE18F16_inverter.elf.dir/device/system_MKE18F16.o
                0x000009b4                SystemInit
 .text.CLOCK_EnableClock
                0x00000a44       0x30 CMakeFiles/MKE18F16_inverter.elf.dir/drivers/fsl_pdb.o
 .text.PDB_GetInstance
                0x00000a74       0x4c CMakeFiles/MKE18F16_inverter.elf.dir/drivers/fsl_pdb.o
 .text.PDB_Init
                0x00000ac0       0x9c CMakeFiles/MKE18F16_inverter.elf.dir/drivers/fsl_pdb.o
                0x00000ac0                PDB_Init
 .text.LPUART0_TX_DriverIRQHandler
                0x00000b5c       0x28 CMakeFiles/MKE18F16_inverter.elf.dir/drivers/fsl_lpuart.o
                0x00000b5c                LPUART0_TX_DriverIRQHandler
 .text.LPUART0_RX_DriverIRQHandler
                0x00000b84       0x28 CMakeFiles/MKE18F16_inverter.elf.dir/drivers/fsl_lpuart.o
                0x00000b84                LPUART0_RX_DriverIRQHandler
 .text.LPUART1_TX_DriverIRQHandler
                0x00000bac       0x28 CMakeFiles/MKE18F16_inverter.elf.dir/drivers/fsl_lpuart.o
                0x00000bac                LPUART1_TX_DriverIRQHandler
 .text.LPUART1_RX_DriverIRQHandler
                0x00000bd4       0x28 CMakeFiles/MKE18F16_inverter.elf.dir/drivers/fsl_lpuart.o
                0x00000bd4                LPUART1_RX_DriverIRQHandler
 .text.LPUART2_TX_DriverIRQHandler
                0x00000bfc       0x28 CMakeFiles/MKE18F16_inverter.elf.dir/drivers/fsl_lpuart.o
                0x00000bfc                LPUART2_TX_DriverIRQHandler
 .text.LPUART2_RX_DriverIRQHandler
                0x00000c24       0x28 CMakeFiles/MKE18F16_inverter.elf.dir/drivers/fsl_lpuart.o
                0x00000c24                LPUART2_RX_DriverIRQHandler
 .text.GPIO_PinInit
                0x00000c4c       0x68 CMakeFiles/MKE18F16_inverter.elf.dir/drivers/fsl_gpio.o
                0x00000c4c                GPIO_PinInit
 .text.CLOCK_EnableClock
                0x00000cb4       0x30 CMakeFiles/MKE18F16_inverter.elf.dir/drivers/fsl_ftm.o
 .text.FTM_GetInstance
                0x00000ce4       0x54 CMakeFiles/MKE18F16_inverter.elf.dir/drivers/fsl_ftm.o
 .text.FTM_SetReloadPoints
                0x00000d38      0x114 CMakeFiles/MKE18F16_inverter.elf.dir/drivers/fsl_ftm.o
 .text.FTM_Init
                0x00000e4c      0x130 CMakeFiles/MKE18F16_inverter.elf.dir/drivers/fsl_ftm.o
                0x00000e4c                FTM_Init
 .text.FTM_SetupPwmMode
                0x00000f7c      0x204 CMakeFiles/MKE18F16_inverter.elf.dir/drivers/fsl_ftm.o
                0x00000f7c                FTM_SetupPwmMode
 .text.__NVIC_EnableIRQ
                0x00001180       0x3c CMakeFiles/MKE18F16_inverter.elf.dir/drivers/fsl_edma.o
 .text.CLOCK_EnableClock
                0x000011bc       0x30 CMakeFiles/MKE18F16_inverter.elf.dir/drivers/fsl_edma.o
 .text.EDMA_GetInstance
                0x000011ec       0x44 CMakeFiles/MKE18F16_inverter.elf.dir/drivers/fsl_edma.o
 .text.EDMA_Init
                0x00001230       0x98 CMakeFiles/MKE18F16_inverter.elf.dir/drivers/fsl_edma.o
                0x00001230                EDMA_Init
 .text.EDMA_EnableChannelInterrupts
                0x000012c8       0xa8 CMakeFiles/MKE18F16_inverter.elf.dir/drivers/fsl_edma.o
                0x000012c8                EDMA_EnableChannelInterrupts
 .text.EDMA_ClearChannelStatusFlags
                0x00001370       0x5c CMakeFiles/MKE18F16_inverter.elf.dir/drivers/fsl_edma.o
                0x00001370                EDMA_ClearChannelStatusFlags
 .text.EDMA_GetInstanceOffset
                0x000013cc       0x48 CMakeFiles/MKE18F16_inverter.elf.dir/drivers/fsl_edma.o
 .text.EDMA_CreateHandle
                0x00001414       0xe0 CMakeFiles/MKE18F16_inverter.elf.dir/drivers/fsl_edma.o
                0x00001414                EDMA_CreateHandle
 .text.EDMA_SetCallback
                0x000014f4       0x30 CMakeFiles/MKE18F16_inverter.elf.dir/drivers/fsl_edma.o
                0x000014f4                EDMA_SetCallback
 .text.EDMA_StartTransfer
                0x00001524       0xb4 CMakeFiles/MKE18F16_inverter.elf.dir/drivers/fsl_edma.o
                0x00001524                EDMA_StartTransfer
 .text.EDMA_HandleIRQ
                0x000015d8      0x160 CMakeFiles/MKE18F16_inverter.elf.dir/drivers/fsl_edma.o
                0x000015d8                EDMA_HandleIRQ
 .text.DMA1_DriverIRQHandler
                0x00001738       0x1c CMakeFiles/MKE18F16_inverter.elf.dir/drivers/fsl_edma.o
                0x00001738                DMA1_DriverIRQHandler
 .text.DMA2_DriverIRQHandler
                0x00001754       0x1c CMakeFiles/MKE18F16_inverter.elf.dir/drivers/fsl_edma.o
                0x00001754                DMA2_DriverIRQHandler
 .text.DMA3_DriverIRQHandler
                0x00001770       0x1c CMakeFiles/MKE18F16_inverter.elf.dir/drivers/fsl_edma.o
                0x00001770                DMA3_DriverIRQHandler
 .text.DMA4_DriverIRQHandler
                0x0000178c       0x1c CMakeFiles/MKE18F16_inverter.elf.dir/drivers/fsl_edma.o
                0x0000178c                DMA4_DriverIRQHandler
 .text.DMA5_DriverIRQHandler
                0x000017a8       0x1c CMakeFiles/MKE18F16_inverter.elf.dir/drivers/fsl_edma.o
                0x000017a8                DMA5_DriverIRQHandler
 .text.DMA6_DriverIRQHandler
                0x000017c4       0x1c CMakeFiles/MKE18F16_inverter.elf.dir/drivers/fsl_edma.o
                0x000017c4                DMA6_DriverIRQHandler
 .text.DMA7_DriverIRQHandler
                0x000017e0       0x1c CMakeFiles/MKE18F16_inverter.elf.dir/drivers/fsl_edma.o
                0x000017e0                DMA7_DriverIRQHandler
 .text.DMA8_DriverIRQHandler
                0x000017fc       0x1c CMakeFiles/MKE18F16_inverter.elf.dir/drivers/fsl_edma.o
                0x000017fc                DMA8_DriverIRQHandler
 .text.DMA9_DriverIRQHandler
                0x00001818       0x1c CMakeFiles/MKE18F16_inverter.elf.dir/drivers/fsl_edma.o
                0x00001818                DMA9_DriverIRQHandler
 .text.DMA10_DriverIRQHandler
                0x00001834       0x1c CMakeFiles/MKE18F16_inverter.elf.dir/drivers/fsl_edma.o
                0x00001834                DMA10_DriverIRQHandler
 .text.DMA11_DriverIRQHandler
                0x00001850       0x1c CMakeFiles/MKE18F16_inverter.elf.dir/drivers/fsl_edma.o
                0x00001850                DMA11_DriverIRQHandler
 .text.DMA12_DriverIRQHandler
                0x0000186c       0x1c CMakeFiles/MKE18F16_inverter.elf.dir/drivers/fsl_edma.o
                0x0000186c                DMA12_DriverIRQHandler
 .text.DMA13_DriverIRQHandler
                0x00001888       0x1c CMakeFiles/MKE18F16_inverter.elf.dir/drivers/fsl_edma.o
                0x00001888                DMA13_DriverIRQHandler
 .text.DMA14_DriverIRQHandler
                0x000018a4       0x1c CMakeFiles/MKE18F16_inverter.elf.dir/drivers/fsl_edma.o
                0x000018a4                DMA14_DriverIRQHandler
 .text.DMA15_DriverIRQHandler
                0x000018c0       0x1c CMakeFiles/MKE18F16_inverter.elf.dir/drivers/fsl_edma.o
                0x000018c0                DMA15_DriverIRQHandler
 .text.CLOCK_EnableClock
                0x000018dc       0x30 CMakeFiles/MKE18F16_inverter.elf.dir/drivers/fsl_dmamux.o
 .text.DMAMUX_GetInstance
                0x0000190c       0x44 CMakeFiles/MKE18F16_inverter.elf.dir/drivers/fsl_dmamux.o
 .text.DMAMUX_Init
                0x00001950       0x24 CMakeFiles/MKE18F16_inverter.elf.dir/drivers/fsl_dmamux.o
                0x00001950                DMAMUX_Init
 .text.CLOCK_GetIpFreq
                0x00001974       0xc4 CMakeFiles/MKE18F16_inverter.elf.dir/drivers/fsl_clock.o
                0x00001974                CLOCK_GetIpFreq
 .text.CLOCK_GetSysOscFreq
                0x00001a38       0x44 CMakeFiles/MKE18F16_inverter.elf.dir/drivers/fsl_clock.o
                0x00001a38                CLOCK_GetSysOscFreq
 .text.CLOCK_GetSysOscAsyncFreq
                0x00001a7c       0x70 CMakeFiles/MKE18F16_inverter.elf.dir/drivers/fsl_clock.o
                0x00001a7c                CLOCK_GetSysOscAsyncFreq
 .text.CLOCK_InitSirc
                0x00001aec       0x78 CMakeFiles/MKE18F16_inverter.elf.dir/drivers/fsl_clock.o
                0x00001aec                CLOCK_InitSirc
 .text.CLOCK_DeinitSirc
                0x00001b64       0x50 CMakeFiles/MKE18F16_inverter.elf.dir/drivers/fsl_clock.o
                0x00001b64                CLOCK_DeinitSirc
 .text.CLOCK_GetSircFreq
                0x00001bb4       0x44 CMakeFiles/MKE18F16_inverter.elf.dir/drivers/fsl_clock.o
                0x00001bb4                CLOCK_GetSircFreq
 .text.CLOCK_GetSircAsyncFreq
                0x00001bf8       0x70 CMakeFiles/MKE18F16_inverter.elf.dir/drivers/fsl_clock.o
                0x00001bf8                CLOCK_GetSircAsyncFreq
 .text.CLOCK_InitFirc
                0x00001c68       0xf4 CMakeFiles/MKE18F16_inverter.elf.dir/drivers/fsl_clock.o
                0x00001c68                CLOCK_InitFirc
 .text.CLOCK_DeinitFirc
                0x00001d5c       0x50 CMakeFiles/MKE18F16_inverter.elf.dir/drivers/fsl_clock.o
                0x00001d5c                CLOCK_DeinitFirc
 .text.CLOCK_GetFircFreq
                0x00001dac       0x44 CMakeFiles/MKE18F16_inverter.elf.dir/drivers/fsl_clock.o
                0x00001dac                CLOCK_GetFircFreq
 .text.CLOCK_GetFircAsyncFreq
                0x00001df0       0x70 CMakeFiles/MKE18F16_inverter.elf.dir/drivers/fsl_clock.o
                0x00001df0                CLOCK_GetFircAsyncFreq
 .text.CLOCK_InitSysPll
                0x00001e60       0xa8 CMakeFiles/MKE18F16_inverter.elf.dir/drivers/fsl_clock.o
                0x00001e60                CLOCK_InitSysPll
 .text.CLOCK_DeinitSysPll
                0x00001f08       0x50 CMakeFiles/MKE18F16_inverter.elf.dir/drivers/fsl_clock.o
                0x00001f08                CLOCK_DeinitSysPll
 .text.CLOCK_GetSysPllCommonFreq
                0x00001f58       0x68 CMakeFiles/MKE18F16_inverter.elf.dir/drivers/fsl_clock.o
 .text.CLOCK_GetSysPllFreq
                0x00001fc0       0x30 CMakeFiles/MKE18F16_inverter.elf.dir/drivers/fsl_clock.o
                0x00001fc0                CLOCK_GetSysPllFreq
 .text.CLOCK_GetSysPllAsyncFreq
                0x00001ff0       0x70 CMakeFiles/MKE18F16_inverter.elf.dir/drivers/fsl_clock.o
                0x00001ff0                CLOCK_GetSysPllAsyncFreq
 .text.CLOCK_EnableClock
                0x00002060       0x30 CMakeFiles/MKE18F16_inverter.elf.dir/drivers/fsl_adc12.o
 .text.ADC12_GetChannelConversionValue
                0x00002090       0x2c CMakeFiles/MKE18F16_inverter.elf.dir/drivers/fsl_adc12.o
 .text.ADC12_GetInstance
                0x000020bc       0x4c CMakeFiles/MKE18F16_inverter.elf.dir/drivers/fsl_adc12.o
 .text.ADC12_Init
                0x00002108       0xd4 CMakeFiles/MKE18F16_inverter.elf.dir/drivers/fsl_adc12.o
                0x00002108                ADC12_Init
 .text.ADC12_GetChannelStatusFlags
                0x000021dc       0x44 CMakeFiles/MKE18F16_inverter.elf.dir/drivers/fsl_adc12.o
                0x000021dc                ADC12_GetChannelStatusFlags
 .text.ADC12_SetHardwareAverage
                0x00002220       0x5c CMakeFiles/MKE18F16_inverter.elf.dir/drivers/fsl_adc12.o
                0x00002220                ADC12_SetHardwareAverage
 .text.xTimerCreateTimerTask
                0x0000227c       0x64 CMakeFiles/MKE18F16_inverter.elf.dir/freertos/freertos_kernel/timers.o
                0x0000227c                xTimerCreateTimerTask
 .text.xTimerGenericCommand
                0x000022e0       0x9c CMakeFiles/MKE18F16_inverter.elf.dir/freertos/freertos_kernel/timers.o
                0x000022e0                xTimerGenericCommand
 .text.prvProcessExpiredTimer
                0x0000237c       0x98 CMakeFiles/MKE18F16_inverter.elf.dir/freertos/freertos_kernel/timers.o
 .text.prvProcessTimerOrBlockTask
                0x00002414       0x9c CMakeFiles/MKE18F16_inverter.elf.dir/freertos/freertos_kernel/timers.o
 .text.prvGetNextExpireTime
                0x000024b0       0x48 CMakeFiles/MKE18F16_inverter.elf.dir/freertos/freertos_kernel/timers.o
 .text.prvSampleTimeNow
                0x000024f8       0x40 CMakeFiles/MKE18F16_inverter.elf.dir/freertos/freertos_kernel/timers.o
 .text.prvInsertTimerInActiveList
                0x00002538       0x84 CMakeFiles/MKE18F16_inverter.elf.dir/freertos/freertos_kernel/timers.o
 .text.prvProcessReceivedCommands
                0x000025bc      0x1c4 CMakeFiles/MKE18F16_inverter.elf.dir/freertos/freertos_kernel/timers.o
 .text.prvSwitchTimerLists
                0x00002780       0xc8 CMakeFiles/MKE18F16_inverter.elf.dir/freertos/freertos_kernel/timers.o
 .text.prvCheckForValidListAndQueue
                0x00002848       0x6c CMakeFiles/MKE18F16_inverter.elf.dir/freertos/freertos_kernel/timers.o
 .text.prvAddNewTaskToReadyList
                0x000028b4       0xdc CMakeFiles/MKE18F16_inverter.elf.dir/freertos/freertos_kernel/tasks.o
 .text.vTaskDelayUntil
                0x00002990       0xfc CMakeFiles/MKE18F16_inverter.elf.dir/freertos/freertos_kernel/tasks.o
                0x00002990                vTaskDelayUntil
 .text.vTaskDelay
                0x00002a8c       0x68 CMakeFiles/MKE18F16_inverter.elf.dir/freertos/freertos_kernel/tasks.o
                0x00002a8c                vTaskDelay
 .text.vTaskStartScheduler
                0x00002af4       0x9c CMakeFiles/MKE18F16_inverter.elf.dir/freertos/freertos_kernel/tasks.o
                0x00002af4                vTaskStartScheduler
 .text.vTaskSuspendAll
                0x00002b90       0x1c CMakeFiles/MKE18F16_inverter.elf.dir/freertos/freertos_kernel/tasks.o
                0x00002b90                vTaskSuspendAll
 .text.xTaskResumeAll
                0x00002bac      0x138 CMakeFiles/MKE18F16_inverter.elf.dir/freertos/freertos_kernel/tasks.o
                0x00002bac                xTaskResumeAll
 .text.xTaskGetTickCount
                0x00002ce4       0x20 CMakeFiles/MKE18F16_inverter.elf.dir/freertos/freertos_kernel/tasks.o
                0x00002ce4                xTaskGetTickCount
 .text.xTaskIncrementTick
                0x00002d04      0x154 CMakeFiles/MKE18F16_inverter.elf.dir/freertos/freertos_kernel/tasks.o
                0x00002d04                xTaskIncrementTick
 .text.vTaskSwitchContext
                0x00002e58       0xb8 CMakeFiles/MKE18F16_inverter.elf.dir/freertos/freertos_kernel/tasks.o
                0x00002e58                vTaskSwitchContext
 .text.vTaskPlaceOnEventList
                0x00002f10       0x48 CMakeFiles/MKE18F16_inverter.elf.dir/freertos/freertos_kernel/tasks.o
                0x00002f10                vTaskPlaceOnEventList
 .text.vTaskPlaceOnEventListRestricted
                0x00002f58       0x58 CMakeFiles/MKE18F16_inverter.elf.dir/freertos/freertos_kernel/tasks.o
                0x00002f58                vTaskPlaceOnEventListRestricted
 .text.xTaskRemoveFromEventList
                0x00002fb0       0xc4 CMakeFiles/MKE18F16_inverter.elf.dir/freertos/freertos_kernel/tasks.o
                0x00002fb0                xTaskRemoveFromEventList
 .text.vTaskInternalSetTimeOutState
                0x00003074       0x2c CMakeFiles/MKE18F16_inverter.elf.dir/freertos/freertos_kernel/tasks.o
                0x00003074                vTaskInternalSetTimeOutState
 .text.xTaskCheckForTimeOut
                0x000030a0       0xc4 CMakeFiles/MKE18F16_inverter.elf.dir/freertos/freertos_kernel/tasks.o
                0x000030a0                xTaskCheckForTimeOut
 .text.vTaskMissedYield
                0x00003164       0x18 CMakeFiles/MKE18F16_inverter.elf.dir/freertos/freertos_kernel/tasks.o
                0x00003164                vTaskMissedYield
 .text.prvIdleTask
                0x0000317c       0x30 CMakeFiles/MKE18F16_inverter.elf.dir/freertos/freertos_kernel/tasks.o
 .text.prvInitialiseTaskLists
                0x000031ac       0x80 CMakeFiles/MKE18F16_inverter.elf.dir/freertos/freertos_kernel/tasks.o
 .text.prvCheckTasksWaitingTermination
                0x0000322c       0x5c CMakeFiles/MKE18F16_inverter.elf.dir/freertos/freertos_kernel/tasks.o
 .text.prvResetNextTaskUnblockTime
                0x00003288       0x40 CMakeFiles/MKE18F16_inverter.elf.dir/freertos/freertos_kernel/tasks.o
 .text.xTaskGetSchedulerState
                0x000032c8       0x3c CMakeFiles/MKE18F16_inverter.elf.dir/freertos/freertos_kernel/tasks.o
                0x000032c8                xTaskGetSchedulerState
 .text.xTaskPriorityDisinherit
                0x00003304      0x10c CMakeFiles/MKE18F16_inverter.elf.dir/freertos/freertos_kernel/tasks.o
                0x00003304                xTaskPriorityDisinherit
 .text.prvAddCurrentTaskToDelayedList
                0x00003410       0xcc CMakeFiles/MKE18F16_inverter.elf.dir/freertos/freertos_kernel/tasks.o
 .text.xQueueGenericReset
                0x000034dc       0xd0 CMakeFiles/MKE18F16_inverter.elf.dir/freertos/freertos_kernel/queue.o
                0x000034dc                xQueueGenericReset
 .text.xQueueGenericSend
                0x000035ac      0x1fc CMakeFiles/MKE18F16_inverter.elf.dir/freertos/freertos_kernel/queue.o
                0x000035ac                xQueueGenericSend
 .text.xQueueReceive
                0x000037a8      0x1c0 CMakeFiles/MKE18F16_inverter.elf.dir/freertos/freertos_kernel/queue.o
                0x000037a8                xQueueReceive
 .text.vQueueAddToRegistry
                0x00003968       0x54 CMakeFiles/MKE18F16_inverter.elf.dir/freertos/freertos_kernel/queue.o
                0x00003968                vQueueAddToRegistry
 .text.pvPortMalloc
                0x000039bc      0x198 CMakeFiles/MKE18F16_inverter.elf.dir/freertos/freertos_kernel/portable/MemMang/heap_4.o
                0x000039bc                pvPortMalloc
 .text.vPortFree
                0x00003b54       0xc4 CMakeFiles/MKE18F16_inverter.elf.dir/freertos/freertos_kernel/portable/MemMang/heap_4.o
                0x00003b54                vPortFree
 .text.prvHeapInit
                0x00003c18       0xc4 CMakeFiles/MKE18F16_inverter.elf.dir/freertos/freertos_kernel/portable/MemMang/heap_4.o
 .text.prvInsertBlockIntoFreeList
                0x00003cdc       0xb4 CMakeFiles/MKE18F16_inverter.elf.dir/freertos/freertos_kernel/portable/MemMang/heap_4.o
 .text.pxPortInitialiseStack
                0x00003d90       0x68 CMakeFiles/MKE18F16_inverter.elf.dir/freertos/freertos_kernel/portable/GCC/ARM_CM4F/port.o
                0x00003d90                pxPortInitialiseStack
 .text.prvTaskExitError
                0x00003df8       0x58 CMakeFiles/MKE18F16_inverter.elf.dir/freertos/freertos_kernel/portable/GCC/ARM_CM4F/port.o
 .text.prvPortStartFirstTask
                0x00003e50       0x28 CMakeFiles/MKE18F16_inverter.elf.dir/freertos/freertos_kernel/portable/GCC/ARM_CM4F/port.o
 .text.xPortStartScheduler
                0x00003e78      0x144 CMakeFiles/MKE18F16_inverter.elf.dir/freertos/freertos_kernel/portable/GCC/ARM_CM4F/port.o
                0x00003e78                xPortStartScheduler
 .text.vPortEnterCritical
                0x00003fbc       0x60 CMakeFiles/MKE18F16_inverter.elf.dir/freertos/freertos_kernel/portable/GCC/ARM_CM4F/port.o
                0x00003fbc                vPortEnterCritical
 .text.vPortExitCritical
                0x0000401c       0x54 CMakeFiles/MKE18F16_inverter.elf.dir/freertos/freertos_kernel/portable/GCC/ARM_CM4F/port.o
                0x0000401c                vPortExitCritical
 .text.SysTick_Handler
                0x00004070       0x44 CMakeFiles/MKE18F16_inverter.elf.dir/freertos/freertos_kernel/portable/GCC/ARM_CM4F/port.o
                0x00004070                SysTick_Handler
 .text.vPortSetupTimerInterrupt
                0x000040b4       0x48 CMakeFiles/MKE18F16_inverter.elf.dir/freertos/freertos_kernel/portable/GCC/ARM_CM4F/port.o
                0x000040b4                vPortSetupTimerInterrupt
 .text.vPortEnableVFP
                0x000040fc       0x14 CMakeFiles/MKE18F16_inverter.elf.dir/freertos/freertos_kernel/portable/GCC/ARM_CM4F/port.o
 .text.vPortValidateInterruptPriority
                0x00004110       0x80 CMakeFiles/MKE18F16_inverter.elf.dir/freertos/freertos_kernel/portable/GCC/ARM_CM4F/port.o
                0x00004110                vPortValidateInterruptPriority
 .text.Monitor_Task
                0x00004190       0xb0 CMakeFiles/MKE18F16_inverter.elf.dir/source/MKE18F16_inverter.o
 .text.main     0x00004240       0xf0 CMakeFiles/MKE18F16_inverter.elf.dir/source/MKE18F16_inverter.o
                0x00004240                main
 .text.SineGen_Init
                0x00004330       0xd0 CMakeFiles/MKE18F16_inverter.elf.dir/source/inverter/sine_gen.o
                0x00004330                SineGen_Init
 .text.SineGen_Next
                0x00004400       0xe4 CMakeFiles/MKE18F16_inverter.elf.dir/source/inverter/sine_gen.o
                0x00004400                SineGen_Next
 .text.SineGen_SetMode
                0x000044e4       0x78 CMakeFiles/MKE18F16_inverter.elf.dir/source/inverter/sine_gen.o
                0x000044e4                SineGen_SetMode
 .text.PI_Init  0x0000455c       0x58 CMakeFiles/MKE18F16_inverter.elf.dir/source/inverter/pi_ctrl.o
                0x0000455c                PI_Init
 .text.PI_Step  0x000045b4       0x44 CMakeFiles/MKE18F16_inverter.elf.dir/source/inverter/pi_ctrl.o
                0x000045b4                PI_Step
 .text.PI_Reset
                0x000045f8       0x28 CMakeFiles/MKE18F16_inverter.elf.dir/source/inverter/pi_ctrl.o
                0x000045f8                PI_Reset
 .text.__NVIC_EnableIRQ
                0x00004620       0x3c CMakeFiles/MKE18F16_inverter.elf.dir/source/inverter/ftm_spwm_dma.o
 .text.__NVIC_DisableIRQ
                0x0000465c       0x48 CMakeFiles/MKE18F16_inverter.elf.dir/source/inverter/ftm_spwm_dma.o
 .text.__NVIC_ClearPendingIRQ
                0x000046a4       0x3c CMakeFiles/MKE18F16_inverter.elf.dir/source/inverter/ftm_spwm_dma.o
 .text.EDMA_EnableChannelRequest
                0x000046e0       0x30 CMakeFiles/MKE18F16_inverter.elf.dir/source/inverter/ftm_spwm_dma.o
 .text.EDMA_DisableChannelRequest
                0x00004710       0x30 CMakeFiles/MKE18F16_inverter.elf.dir/source/inverter/ftm_spwm_dma.o
 .text.PDB_ClearStatusFlags
                0x00004740       0x34 CMakeFiles/MKE18F16_inverter.elf.dir/source/inverter/ftm_spwm_dma.o
 .text.adc_raw_to_amps
                0x00004774       0x30 CMakeFiles/MKE18F16_inverter.elf.dir/source/inverter/ftm_spwm_dma.o
 .text.SPWM_DMA_ReconfTCD
                0x000047a4       0xdc CMakeFiles/MKE18F16_inverter.elf.dir/source/inverter/ftm_spwm_dma.o
 .text.SPWM_RuntimeArm
                0x00004880       0xa4 CMakeFiles/MKE18F16_inverter.elf.dir/source/inverter/ftm_spwm_dma.o
 .text.SPWM_RuntimeDisarm
                0x00004924       0x60 CMakeFiles/MKE18F16_inverter.elf.dir/source/inverter/ftm_spwm_dma.o
 .text.SPWM_Init
                0x00004984       0x98 CMakeFiles/MKE18F16_inverter.elf.dir/source/inverter/ftm_spwm_dma.o
                0x00004984                SPWM_Init
 .text.SPWM_Start
                0x00004a1c       0x78 CMakeFiles/MKE18F16_inverter.elf.dir/source/inverter/ftm_spwm_dma.o
                0x00004a1c                SPWM_Start
 .text.SPWM_Stop
                0x00004a94       0x84 CMakeFiles/MKE18F16_inverter.elf.dir/source/inverter/ftm_spwm_dma.o
                0x00004a94                SPWM_Stop
 .text.SPWM_FaultHandler
                0x00004b18       0x8c CMakeFiles/MKE18F16_inverter.elf.dir/source/inverter/ftm_spwm_dma.o
                0x00004b18                SPWM_FaultHandler
 .text.SPWM_DMA_ISR
                0x00004ba4      0x1c0 CMakeFiles/MKE18F16_inverter.elf.dir/source/inverter/ftm_spwm_dma.o
                0x00004ba4                SPWM_DMA_ISR
 .text.SPWM_GetInstance
                0x00004d64       0x14 CMakeFiles/MKE18F16_inverter.elf.dir/source/inverter/ftm_spwm_dma.o
                0x00004d64                SPWM_GetInstance
 .text.DMA0_IRQHandler
                0x00004d78       0x5c CMakeFiles/MKE18F16_inverter.elf.dir/source/inverter/ftm_spwm_dma.o
                0x00004d78                DMA0_IRQHandler
 .text.DMA_Error_IRQHandler
                0x00004dd4       0x3c CMakeFiles/MKE18F16_inverter.elf.dir/source/inverter/ftm_spwm_dma.o
                0x00004dd4                DMA_Error_IRQHandler
 .text.__NVIC_EnableIRQ
                0x00004e10       0x3c CMakeFiles/MKE18F16_inverter.elf.dir/source/inverter/board_init_ext.o
 .text.__NVIC_SetPriority
                0x00004e4c       0x54 CMakeFiles/MKE18F16_inverter.elf.dir/source/inverter/board_init_ext.o
 .text.DMAMUX_EnableChannel
                0x00004ea0       0x3c CMakeFiles/MKE18F16_inverter.elf.dir/source/inverter/board_init_ext.o
 .text.DMAMUX_SetSource
                0x00004edc       0x4c CMakeFiles/MKE18F16_inverter.elf.dir/source/inverter/board_init_ext.o
 .text.PDB_SetADCPreTriggerConfig
                0x00004f28       0x68 CMakeFiles/MKE18F16_inverter.elf.dir/source/inverter/board_init_ext.o
 .text.PDB_SetADCPreTriggerDelayValue
                0x00004f90       0x54 CMakeFiles/MKE18F16_inverter.elf.dir/source/inverter/board_init_ext.o
 .text.prv_DMA_Init
                0x00004fe4       0x70 CMakeFiles/MKE18F16_inverter.elf.dir/source/inverter/board_init_ext.o
 .text.prv_PatchPeripherals
                0x00005054       0x90 CMakeFiles/MKE18F16_inverter.elf.dir/source/inverter/board_init_ext.o
 .text.AppButtonsLed_Task
                0x000050e4      0x194 CMakeFiles/MKE18F16_inverter.elf.dir/source/inverter/app_buttons_led.o
 .text.AppButtonsLed_CreateTask
                0x00005278       0x44 CMakeFiles/MKE18F16_inverter.elf.dir/source/inverter/app_buttons_led.o
                0x00005278                AppButtonsLed_CreateTask
 .text.malloc   0x000052bc       0xc8 /home/gena/.mcuxpressotools/arm-gnu-toolchain-14.2.rel1-x86_64-arm-none-eabi/bin/../lib/gcc/arm-none-eabi/14.2.1/../../../../arm-none-eabi/lib/thumb/v7e-m+fp/hard/libcr_c.a(alloc.o)
                0x000052bc                malloc
 .text._Csys_alloc
                0x00005384       0x20 /home/gena/.mcuxpressotools/arm-gnu-toolchain-14.2.rel1-x86_64-arm-none-eabi/bin/../lib/gcc/arm-none-eabi/14.2.1/../../../../arm-none-eabi/lib/thumb/v7e-m+fp/hard/libcr_c.a(alloc.o)
                0x00005384                _Csys_alloc
 .text.__vfprintf
                0x000053a4      0xb6c /home/gena/.mcuxpressotools/arm-gnu-toolchain-14.2.rel1-x86_64-arm-none-eabi/bin/../lib/gcc/arm-none-eabi/14.2.1/../../../../arm-none-eabi/lib/thumb/v7e-m+fp/hard/libcr_c.a(printf.o)
                0x000053a4                __vfprintf
 .text._vsnprintf
                0x00005f10       0x68 /home/gena/.mcuxpressotools/arm-gnu-toolchain-14.2.rel1-x86_64-arm-none-eabi/bin/../lib/gcc/arm-none-eabi/14.2.1/../../../../arm-none-eabi/lib/thumb/v7e-m+fp/hard/libcr_c.a(printf.o)
                0x00005f10                _vsnprintf
 .text._printf  0x00005f78       0x54 /home/gena/.mcuxpressotools/arm-gnu-toolchain-14.2.rel1-x86_64-arm-none-eabi/bin/../lib/gcc/arm-none-eabi/14.2.1/../../../../arm-none-eabi/lib/thumb/v7e-m+fp/hard/libcr_c.a(printf.o)
                0x00005f78                _printf
 .text._sbrk    0x00005fcc       0x3c /home/gena/.mcuxpressotools/arm-gnu-toolchain-14.2.rel1-x86_64-arm-none-eabi/bin/../lib/gcc/arm-none-eabi/14.2.1/../../../../arm-none-eabi/lib/thumb/v7e-m+fp/hard/libcr_c.a(_cr_sbrk.o)
                0x00005fcc                _sbrk
 .text._Cwritebuf
                0x00006008       0x70 /home/gena/.mcuxpressotools/arm-gnu-toolchain-14.2.rel1-x86_64-arm-none-eabi/bin/../lib/gcc/arm-none-eabi/14.2.1/../../../../arm-none-eabi/lib/thumb/v7e-m+fp/hard/libcr_c.a(_writebuf.o)
                0x00006008                _Cwritebuf
 .text.fseek    0x00006078       0xf8 /home/gena/.mcuxpressotools/arm-gnu-toolchain-14.2.rel1-x86_64-arm-none-eabi/bin/../lib/gcc/arm-none-eabi/14.2.1/../../../../arm-none-eabi/lib/thumb/v7e-m+fp/hard/libcr_c.a(fseek.o)
                0x00006078                fseek
 .text.ftell    0x00006170       0x44 /home/gena/.mcuxpressotools/arm-gnu-toolchain-14.2.rel1-x86_64-arm-none-eabi/bin/../lib/gcc/arm-none-eabi/14.2.1/../../../../arm-none-eabi/lib/thumb/v7e-m+fp/hard/libcr_c.a(ftell.o)
                0x00006170                ftell
 .text.__check_heap_overflow
                0x000061b4       0x18 /home/gena/.mcuxpressotools/arm-gnu-toolchain-14.2.rel1-x86_64-arm-none-eabi/bin/../lib/gcc/arm-none-eabi/14.2.1/../../../../arm-none-eabi/lib/thumb/v7e-m+fp/hard/libcr_c.a(_cr_check_heap.o)
                0x000061b4                __check_heap_overflow
 .text.__aeabi_f2d
                0x000061cc       0x38 /home/gena/.mcuxpressotools/arm-gnu-toolchain-14.2.rel1-x86_64-arm-none-eabi/bin/../lib/gcc/arm-none-eabi/14.2.1/thumb/v7e-m+fp/hard/libcr_eabihelpers.a(float.o)
                0x000061cc                __aeabi_f2d
 .text.__sys_appexit
                0x00006204        0xc /home/gena/.mcuxpressotools/arm-gnu-toolchain-14.2.rel1-x86_64-arm-none-eabi/bin/../lib/gcc/arm-none-eabi/14.2.1/../../../../arm-none-eabi/lib/thumb/v7e-m+fp/hard/libcr_semihost.a(__sys_appexit.o)
                0x00006204                __exit
                0x00006204                __sys_appexit
 .text.GFLIB_CtrlPIpAW_FLT_FC
                0x00006210       0xa4 /home/gena/Документы/PlatformIO/mcuxpresso/MKE18F16_inverter/libs/GFLIB/libGFLIB.a(GFLIB_CtrlPIp_FLT.o)
                0x00006210                GFLIB_CtrlPIpAW_FLT_FC
 .text.MLIB_Abs_FLT_FAsmi
                0x000062b4       0x20 /home/gena/Документы/PlatformIO/mcuxpresso/MKE18F16_inverter/libs/GFLIB/libGFLIB.a(GFLIB_SinCos_FLT.o)
 .text.GFLIB_Sin_FLT_FC
                0x000062d4       0x70 /home/gena/Документы/PlatformIO/mcuxpresso/MKE18F16_inverter/libs/GFLIB/libGFLIB.a(GFLIB_SinCos_FLT.o)
                0x000062d4                GFLIB_Sin_FLT_FC
 .text.PORT_SetPinMux
                0x00006344       0x3a CMakeFiles/MKE18F16_inverter.elf.dir/board/pin_mux.o
 .text.PORT_EnablePinsDigitalFilter
                0x0000637e       0x44 CMakeFiles/MKE18F16_inverter.elf.dir/board/pin_mux.o
 .text.BOARD_InitBootPins
                0x000063c2        0xc CMakeFiles/MKE18F16_inverter.elf.dir/board/pin_mux.o
                0x000063c2                BOARD_InitBootPins
 .text.FTM_SetTimerPeriod
                0x000063ce       0x1c CMakeFiles/MKE18F16_inverter.elf.dir/board/peripherals.o
 .text.FTM_SetDeadTimeEnable
                0x000063ea       0x52 CMakeFiles/MKE18F16_inverter.elf.dir/board/peripherals.o
 .text.FTM_SetComplementaryEnable
                0x0000643c       0x52 CMakeFiles/MKE18F16_inverter.elf.dir/board/peripherals.o
 .text.ADC12_SetOffsetValue
                0x0000648e       0x20 CMakeFiles/MKE18F16_inverter.elf.dir/board/peripherals.o
 .text.ADC12_SetGainValue
                0x000064ae       0x22 CMakeFiles/MKE18F16_inverter.elf.dir/board/peripherals.o
 .text.ADC12_EnableDMA
                0x000064d0       0x40 CMakeFiles/MKE18F16_inverter.elf.dir/board/peripherals.o
 .text.ADC12_EnableHardwareTrigger
                0x00006510       0x40 CMakeFiles/MKE18F16_inverter.elf.dir/board/peripherals.o
 .text.PDB_SetModulusValue
                0x00006550       0x1e CMakeFiles/MKE18F16_inverter.elf.dir/board/peripherals.o
 .text.BOARD_InitPeripherals
                0x0000656e       0x14 CMakeFiles/MKE18F16_inverter.elf.dir/board/peripherals.o
                0x0000656e                BOARD_InitPeripherals
 .text.BOARD_InitBootClocks
                0x00006582        0xc CMakeFiles/MKE18F16_inverter.elf.dir/board/clock_config.o
                0x00006582                BOARD_InitBootClocks
 .text.DbgConsole_Init
                0x0000658e       0x20 CMakeFiles/MKE18F16_inverter.elf.dir/board/board.o
 .text.SystemInitHook
                0x000065ae        0xe CMakeFiles/MKE18F16_inverter.elf.dir/device/system_MKE18F16.o
                0x000065ae                SystemInitHook
 .text.TRGMUX_SetTriggerSource
                0x000065bc       0x62 CMakeFiles/MKE18F16_inverter.elf.dir/drivers/fsl_trgmux.o
                0x000065bc                TRGMUX_SetTriggerSource
 .text.PDB_Enable
                0x0000661e       0x38 CMakeFiles/MKE18F16_inverter.elf.dir/drivers/fsl_pdb.o
 .text.GPIO_PinWrite
                0x00006656       0x3a CMakeFiles/MKE18F16_inverter.elf.dir/drivers/fsl_gpio.o
 .text.FTM_SetPwmOutputEnable
                0x00006690       0x4e CMakeFiles/MKE18F16_inverter.elf.dir/drivers/fsl_ftm.o
 .text.FTM_SetComplementaryEnable
                0x000066de       0x52 CMakeFiles/MKE18F16_inverter.elf.dir/drivers/fsl_ftm.o
 .text.FTM_SetPwmSync
                0x00006730       0xd8 CMakeFiles/MKE18F16_inverter.elf.dir/drivers/fsl_ftm.o
 .text.EnableIRQ
                0x00006808       0x2c CMakeFiles/MKE18F16_inverter.elf.dir/drivers/fsl_edma.o
 .text.DisableGlobalIRQ
                0x00006834       0x22 CMakeFiles/MKE18F16_inverter.elf.dir/drivers/fsl_edma.o
 .text.EnableGlobalIRQ
                0x00006856       0x20 CMakeFiles/MKE18F16_inverter.elf.dir/drivers/fsl_edma.o
 .text.EDMA_AbortTransfer
                0x00006876       0x6a CMakeFiles/MKE18F16_inverter.elf.dir/drivers/fsl_edma.o
                0x00006876                EDMA_AbortTransfer
 .text.ADC12_GetCalibrationStatus
                0x000068e0      0x14c CMakeFiles/MKE18F16_inverter.elf.dir/drivers/fsl_adc12.o
 .text.ADC12_DoAutoCalibration
                0x00006a2c      0x112 CMakeFiles/MKE18F16_inverter.elf.dir/drivers/fsl_adc12.o
                0x00006a2c                ADC12_DoAutoCalibration
 .text.ADC12_GetStatusFlags
                0x00006b3e       0x40 CMakeFiles/MKE18F16_inverter.elf.dir/drivers/fsl_adc12.o
                0x00006b3e                ADC12_GetStatusFlags
 .text.prvTimerTask
                0x00006b7e       0x24 CMakeFiles/MKE18F16_inverter.elf.dir/freertos/freertos_kernel/timers.o
 .text.xTaskCreate
                0x00006ba2       0x82 CMakeFiles/MKE18F16_inverter.elf.dir/freertos/freertos_kernel/tasks.o
                0x00006ba2                xTaskCreate
 .text.prvInitialiseNewTask
                0x00006c24      0x13c CMakeFiles/MKE18F16_inverter.elf.dir/freertos/freertos_kernel/tasks.o
 .text.prvDeleteTCB
                0x00006d60       0x20 CMakeFiles/MKE18F16_inverter.elf.dir/freertos/freertos_kernel/tasks.o
 .text.xQueueGenericCreate
                0x00006d80       0x6c CMakeFiles/MKE18F16_inverter.elf.dir/freertos/freertos_kernel/queue.o
                0x00006d80                xQueueGenericCreate
 .text.prvInitialiseNewQueue
                0x00006dec       0x46 CMakeFiles/MKE18F16_inverter.elf.dir/freertos/freertos_kernel/queue.o
 .text.xQueueGenericSendFromISR
                0x00006e32      0x136 CMakeFiles/MKE18F16_inverter.elf.dir/freertos/freertos_kernel/queue.o
                0x00006e32                xQueueGenericSendFromISR
 .text.prvCopyDataToQueue
                0x00006f68       0xd4 CMakeFiles/MKE18F16_inverter.elf.dir/freertos/freertos_kernel/queue.o
 .text.prvCopyDataFromQueue
                0x0000703c       0x4c CMakeFiles/MKE18F16_inverter.elf.dir/freertos/freertos_kernel/queue.o
 .text.prvUnlockQueue
                0x00007088       0xa4 CMakeFiles/MKE18F16_inverter.elf.dir/freertos/freertos_kernel/queue.o
 .text.prvIsQueueEmpty
                0x0000712c       0x2c CMakeFiles/MKE18F16_inverter.elf.dir/freertos/freertos_kernel/queue.o
 .text.prvIsQueueFull
                0x00007158       0x30 CMakeFiles/MKE18F16_inverter.elf.dir/freertos/freertos_kernel/queue.o
 .text.vQueueWaitForMessageRestricted
                0x00007188       0x68 CMakeFiles/MKE18F16_inverter.elf.dir/freertos/freertos_kernel/queue.o
                0x00007188                vQueueWaitForMessageRestricted
 .text.vListInitialise
                0x000071f0       0x40 CMakeFiles/MKE18F16_inverter.elf.dir/freertos/freertos_kernel/list.o
                0x000071f0                vListInitialise
 .text.vListInitialiseItem
                0x00007230       0x1a CMakeFiles/MKE18F16_inverter.elf.dir/freertos/freertos_kernel/list.o
                0x00007230                vListInitialiseItem
 .text.vListInsertEnd
                0x0000724a       0x48 CMakeFiles/MKE18F16_inverter.elf.dir/freertos/freertos_kernel/list.o
                0x0000724a                vListInsertEnd
 .text.vListInsert
                0x00007292       0x72 CMakeFiles/MKE18F16_inverter.elf.dir/freertos/freertos_kernel/list.o
                0x00007292                vListInsert
 .text.uxListRemove
                0x00007304       0x54 CMakeFiles/MKE18F16_inverter.elf.dir/freertos/freertos_kernel/list.o
                0x00007304                uxListRemove
 .text.HardFault_Handler
                0x00007358       0x36 CMakeFiles/MKE18F16_inverter.elf.dir/source/semihost_hardfault.o
                0x00007358                HardFault_Handler
 .text.SineGen_Reset
                0x0000738e       0x22 CMakeFiles/MKE18F16_inverter.elf.dir/source/inverter/sine_gen.o
                0x0000738e                SineGen_Reset
 .text.GFLIB_CtrlPIpAWInit_FLT_FCi
                0x000073b0       0x26 CMakeFiles/MKE18F16_inverter.elf.dir/source/inverter/pi_ctrl.o
 .text.PI_SetEnabled
                0x000073d6       0x34 CMakeFiles/MKE18F16_inverter.elf.dir/source/inverter/pi_ctrl.o
                0x000073d6                PI_SetEnabled
 .text.EnableIRQ
                0x0000740a       0x2c CMakeFiles/MKE18F16_inverter.elf.dir/source/inverter/ftm_spwm_dma.o
 .text.DisableIRQ
                0x00007436       0x2c CMakeFiles/MKE18F16_inverter.elf.dir/source/inverter/ftm_spwm_dma.o
 .text.FTM_StartTimer
                0x00007462       0x3a CMakeFiles/MKE18F16_inverter.elf.dir/source/inverter/ftm_spwm_dma.o
 .text.FTM_StopTimer
                0x0000749c       0x20 CMakeFiles/MKE18F16_inverter.elf.dir/source/inverter/ftm_spwm_dma.o
 .text.FTM_SetSoftwareTrigger
                0x000074bc       0x38 CMakeFiles/MKE18F16_inverter.elf.dir/source/inverter/ftm_spwm_dma.o
 .text.EDMA_GetErrorStatusFlags
                0x000074f4       0x18 CMakeFiles/MKE18F16_inverter.elf.dir/source/inverter/ftm_spwm_dma.o
 .text.PDB_Enable
                0x0000750c       0x38 CMakeFiles/MKE18F16_inverter.elf.dir/source/inverter/ftm_spwm_dma.o
 .text.PDB_DoSoftwareTrigger
                0x00007544       0x20 CMakeFiles/MKE18F16_inverter.elf.dir/source/inverter/ftm_spwm_dma.o
 .text.PDB_DoLoadValues
                0x00007564       0x20 CMakeFiles/MKE18F16_inverter.elf.dir/source/inverter/ftm_spwm_dma.o
 .text.MLIB_Add_FLT_FCi
                0x00007584       0x1c CMakeFiles/MKE18F16_inverter.elf.dir/source/inverter/ftm_spwm_dma.o
 .text.MLIB_Sub_FLT_FCi
                0x000075a0       0x1c CMakeFiles/MKE18F16_inverter.elf.dir/source/inverter/ftm_spwm_dma.o
 .text.GFLIB_RampInit_FLT_FCi
                0x000075bc       0x1e CMakeFiles/MKE18F16_inverter.elf.dir/source/inverter/ftm_spwm_dma.o
 .text.GFLIB_Ramp_FLT_FCi
                0x000075da       0xb8 CMakeFiles/MKE18F16_inverter.elf.dir/source/inverter/ftm_spwm_dma.o
 .text.GPIO_PinWrite
                0x00007692       0x3a CMakeFiles/MKE18F16_inverter.elf.dir/source/inverter/ftm_spwm_dma.o
 .text.i32_clamp
                0x000076cc       0x32 CMakeFiles/MKE18F16_inverter.elf.dir/source/inverter/ftm_spwm_dma.o
 .text.SPWM_IsActive
                0x000076fe       0x30 CMakeFiles/MKE18F16_inverter.elf.dir/source/inverter/ftm_spwm_dma.o
                0x000076fe                SPWM_IsActive
 .text.SPWM_SetSineMode
                0x0000772e       0x22 CMakeFiles/MKE18F16_inverter.elf.dir/source/inverter/ftm_spwm_dma.o
                0x0000772e                SPWM_SetSineMode
 .text.DMA_callback
                0x00007750       0x1c CMakeFiles/MKE18F16_inverter.elf.dir/source/inverter/ftm_spwm_dma.o
                0x00007750                DMA_callback
 .text.EnableIRQ
                0x0000776c       0x2c CMakeFiles/MKE18F16_inverter.elf.dir/source/inverter/board_init_ext.o
 .text.FTM_SetTimerPeriod
                0x00007798       0x1c CMakeFiles/MKE18F16_inverter.elf.dir/source/inverter/board_init_ext.o
 .text.PDB_EnableDMA
                0x000077b4       0x38 CMakeFiles/MKE18F16_inverter.elf.dir/source/inverter/board_init_ext.o
 .text.PDB_SetModulusValue
                0x000077ec       0x1e CMakeFiles/MKE18F16_inverter.elf.dir/source/inverter/board_init_ext.o
 .text.BOARD_HardwareInit
                0x0000780a       0x14 CMakeFiles/MKE18F16_inverter.elf.dir/source/inverter/board_init_ext.o
                0x0000780a                BOARD_HardwareInit
 .text.GPIO_PinWrite
                0x0000781e       0x3a CMakeFiles/MKE18F16_inverter.elf.dir/source/inverter/app_buttons_led.o
 .text.GPIO_PinRead
                0x00007858       0x24 CMakeFiles/MKE18F16_inverter.elf.dir/source/inverter/app_buttons_led.o
 .text.btn_update
                0x0000787c       0x74 CMakeFiles/MKE18F16_inverter.elf.dir/source/inverter/app_buttons_led.o
 .text.btn_is_pressed
                0x000078f0       0x28 CMakeFiles/MKE18F16_inverter.elf.dir/source/inverter/app_buttons_led.o
 .text.DMA1_IRQHandler
                0x00007918        0x8 CMakeFiles/MKE18F16_inverter.elf.dir/startup/startup_mke18f16.o
                0x00007918                DMA1_IRQHandler
 .text.DMA2_IRQHandler
                0x00007920        0x8 CMakeFiles/MKE18F16_inverter.elf.dir/startup/startup_mke18f16.o
                0x00007920                DMA2_IRQHandler
 .text.DMA3_IRQHandler
                0x00007928        0x8 CMakeFiles/MKE18F16_inverter.elf.dir/startup/startup_mke18f16.o
                0x00007928                DMA3_IRQHandler
 .text.DMA4_IRQHandler
                0x00007930        0x8 CMakeFiles/MKE18F16_inverter.elf.dir/startup/startup_mke18f16.o
                0x00007930                DMA4_IRQHandler
 .text.DMA5_IRQHandler
                0x00007938        0x8 CMakeFiles/MKE18F16_inverter.elf.dir/startup/startup_mke18f16.o
                0x00007938                DMA5_IRQHandler
 .text.DMA6_IRQHandler
                0x00007940        0x8 CMakeFiles/MKE18F16_inverter.elf.dir/startup/startup_mke18f16.o
                0x00007940                DMA6_IRQHandler
 .text.DMA7_IRQHandler
                0x00007948        0x8 CMakeFiles/MKE18F16_inverter.elf.dir/startup/startup_mke18f16.o
                0x00007948                DMA7_IRQHandler
 .text.DMA8_IRQHandler
                0x00007950        0x8 CMakeFiles/MKE18F16_inverter.elf.dir/startup/startup_mke18f16.o
                0x00007950                DMA8_IRQHandler
 .text.DMA9_IRQHandler
                0x00007958        0x8 CMakeFiles/MKE18F16_inverter.elf.dir/startup/startup_mke18f16.o
                0x00007958                DMA9_IRQHandler
 .text.DMA10_IRQHandler
                0x00007960        0x8 CMakeFiles/MKE18F16_inverter.elf.dir/startup/startup_mke18f16.o
                0x00007960                DMA10_IRQHandler
 .text.DMA11_IRQHandler
                0x00007968        0x8 CMakeFiles/MKE18F16_inverter.elf.dir/startup/startup_mke18f16.o
                0x00007968                DMA11_IRQHandler
 .text.DMA12_IRQHandler
                0x00007970        0x8 CMakeFiles/MKE18F16_inverter.elf.dir/startup/startup_mke18f16.o
                0x00007970                DMA12_IRQHandler
 .text.DMA13_IRQHandler
                0x00007978        0x8 CMakeFiles/MKE18F16_inverter.elf.dir/startup/startup_mke18f16.o
                0x00007978                DMA13_IRQHandler
 .text.DMA14_IRQHandler
                0x00007980        0x8 CMakeFiles/MKE18F16_inverter.elf.dir/startup/startup_mke18f16.o
                0x00007980                DMA14_IRQHandler
 .text.DMA15_IRQHandler
                0x00007988        0x8 CMakeFiles/MKE18F16_inverter.elf.dir/startup/startup_mke18f16.o
                0x00007988                DMA15_IRQHandler
 .text.MCM_IRQHandler
                0x00007990        0x8 CMakeFiles/MKE18F16_inverter.elf.dir/startup/startup_mke18f16.o
                0x00007990                MCM_IRQHandler
 .text.FTFE_IRQHandler
                0x00007998        0x8 CMakeFiles/MKE18F16_inverter.elf.dir/startup/startup_mke18f16.o
                0x00007998                FTFE_IRQHandler
 .text.Read_Collision_IRQHandler
                0x000079a0        0x8 CMakeFiles/MKE18F16_inverter.elf.dir/startup/startup_mke18f16.o
                0x000079a0                Read_Collision_IRQHandler
 .text.LVD_LVW_IRQHandler
                0x000079a8        0x8 CMakeFiles/MKE18F16_inverter.elf.dir/startup/startup_mke18f16.o
                0x000079a8                LVD_LVW_IRQHandler
 .text.Doublebit_Fault_IRQHandler
                0x000079b0        0x8 CMakeFiles/MKE18F16_inverter.elf.dir/startup/startup_mke18f16.o
                0x000079b0                Doublebit_Fault_IRQHandler
 .text.WDOG_EWM_IRQHandler
                0x000079b8        0x8 CMakeFiles/MKE18F16_inverter.elf.dir/startup/startup_mke18f16.o
                0x000079b8                WDOG_EWM_IRQHandler
 .text.Reserved39_IRQHandler
                0x000079c0        0x8 CMakeFiles/MKE18F16_inverter.elf.dir/startup/startup_mke18f16.o
                0x000079c0                Reserved39_IRQHandler
 .text.LPI2C0_IRQHandler
                0x000079c8        0x8 CMakeFiles/MKE18F16_inverter.elf.dir/startup/startup_mke18f16.o
                0x000079c8                LPI2C0_IRQHandler
 .text.LPI2C1_IRQHandler
                0x000079d0        0x8 CMakeFiles/MKE18F16_inverter.elf.dir/startup/startup_mke18f16.o
                0x000079d0                LPI2C1_IRQHandler
 .text.LPSPI0_IRQHandler
                0x000079d8        0x8 CMakeFiles/MKE18F16_inverter.elf.dir/startup/startup_mke18f16.o
                0x000079d8                LPSPI0_IRQHandler
 .text.LPSPI1_IRQHandler
                0x000079e0        0x8 CMakeFiles/MKE18F16_inverter.elf.dir/startup/startup_mke18f16.o
                0x000079e0                LPSPI1_IRQHandler
 .text.Reserved44_IRQHandler
                0x000079e8        0x8 CMakeFiles/MKE18F16_inverter.elf.dir/startup/startup_mke18f16.o
                0x000079e8                Reserved44_IRQHandler
 .text.PWT_IRQHandler
                0x000079f0        0x8 CMakeFiles/MKE18F16_inverter.elf.dir/startup/startup_mke18f16.o
                0x000079f0                PWT_IRQHandler
 .text.Reserved46_IRQHandler
                0x000079f8        0x8 CMakeFiles/MKE18F16_inverter.elf.dir/startup/startup_mke18f16.o
                0x000079f8                Reserved46_IRQHandler
 .text.LPUART0_TX_IRQHandler
                0x00007a00        0x8 CMakeFiles/MKE18F16_inverter.elf.dir/startup/startup_mke18f16.o
                0x00007a00                LPUART0_TX_IRQHandler
 .text.LPUART0_RX_IRQHandler
                0x00007a08        0x8 CMakeFiles/MKE18F16_inverter.elf.dir/startup/startup_mke18f16.o
                0x00007a08                LPUART0_RX_IRQHandler
 .text.LPUART1_TX_IRQHandler
                0x00007a10        0x8 CMakeFiles/MKE18F16_inverter.elf.dir/startup/startup_mke18f16.o
                0x00007a10                LPUART1_TX_IRQHandler
 .text.LPUART1_RX_IRQHandler
                0x00007a18        0x8 CMakeFiles/MKE18F16_inverter.elf.dir/startup/startup_mke18f16.o
                0x00007a18                LPUART1_RX_IRQHandler
 .text.LPUART2_TX_IRQHandler
                0x00007a20        0x8 CMakeFiles/MKE18F16_inverter.elf.dir/startup/startup_mke18f16.o
                0x00007a20                LPUART2_TX_IRQHandler
 .text.LPUART2_RX_IRQHandler
                0x00007a28        0x8 CMakeFiles/MKE18F16_inverter.elf.dir/startup/startup_mke18f16.o
                0x00007a28                LPUART2_RX_IRQHandler
 .text.Reserved53_IRQHandler
                0x00007a30        0x8 CMakeFiles/MKE18F16_inverter.elf.dir/startup/startup_mke18f16.o
                0x00007a30                Reserved53_IRQHandler
 .text.Reserved54_IRQHandler
                0x00007a38        0x8 CMakeFiles/MKE18F16_inverter.elf.dir/startup/startup_mke18f16.o
                0x00007a38                Reserved54_IRQHandler
 .text.ADC0_IRQHandler
                0x00007a40        0x8 CMakeFiles/MKE18F16_inverter.elf.dir/startup/startup_mke18f16.o
                0x00007a40                ADC0_IRQHandler
 .text.CMP0_IRQHandler
                0x00007a48        0x8 CMakeFiles/MKE18F16_inverter.elf.dir/startup/startup_mke18f16.o
                0x00007a48                CMP0_IRQHandler
 .text.CMP1_IRQHandler
                0x00007a50        0x8 CMakeFiles/MKE18F16_inverter.elf.dir/startup/startup_mke18f16.o
                0x00007a50                CMP1_IRQHandler
 .text.FTM0_IRQHandler
                0x00007a58        0x8 CMakeFiles/MKE18F16_inverter.elf.dir/startup/startup_mke18f16.o
                0x00007a58                FTM0_IRQHandler
 .text.FTM1_IRQHandler
                0x00007a60        0x8 CMakeFiles/MKE18F16_inverter.elf.dir/startup/startup_mke18f16.o
                0x00007a60                FTM1_IRQHandler
 .text.FTM2_IRQHandler
                0x00007a68        0x8 CMakeFiles/MKE18F16_inverter.elf.dir/startup/startup_mke18f16.o
                0x00007a68                FTM2_IRQHandler
 .text.Reserved61_IRQHandler
                0x00007a70        0x8 CMakeFiles/MKE18F16_inverter.elf.dir/startup/startup_mke18f16.o
                0x00007a70                Reserved61_IRQHandler
 .text.RTC_IRQHandler
                0x00007a78        0x8 CMakeFiles/MKE18F16_inverter.elf.dir/startup/startup_mke18f16.o
                0x00007a78                RTC_IRQHandler
 .text.RTC_Seconds_IRQHandler
                0x00007a80        0x8 CMakeFiles/MKE18F16_inverter.elf.dir/startup/startup_mke18f16.o
                0x00007a80                RTC_Seconds_IRQHandler
 .text.LPIT0_Ch0_IRQHandler
                0x00007a88        0x8 CMakeFiles/MKE18F16_inverter.elf.dir/startup/startup_mke18f16.o
                0x00007a88                LPIT0_Ch0_IRQHandler
 .text.LPIT0_Ch1_IRQHandler
                0x00007a90        0x8 CMakeFiles/MKE18F16_inverter.elf.dir/startup/startup_mke18f16.o
                0x00007a90                LPIT0_Ch1_IRQHandler
 .text.LPIT0_Ch2_IRQHandler
                0x00007a98        0x8 CMakeFiles/MKE18F16_inverter.elf.dir/startup/startup_mke18f16.o
                0x00007a98                LPIT0_Ch2_IRQHandler
 .text.LPIT0_Ch3_IRQHandler
                0x00007aa0        0x8 CMakeFiles/MKE18F16_inverter.elf.dir/startup/startup_mke18f16.o
                0x00007aa0                LPIT0_Ch3_IRQHandler
 .text.PDB0_IRQHandler
                0x00007aa8        0x8 CMakeFiles/MKE18F16_inverter.elf.dir/startup/startup_mke18f16.o
                0x00007aa8                PDB0_IRQHandler
 .text.Reserved69_IRQHandler
                0x00007ab0        0x8 CMakeFiles/MKE18F16_inverter.elf.dir/startup/startup_mke18f16.o
                0x00007ab0                Reserved69_IRQHandler
 .text.Reserved70_IRQHandler
                0x00007ab8        0x8 CMakeFiles/MKE18F16_inverter.elf.dir/startup/startup_mke18f16.o
                0x00007ab8                Reserved70_IRQHandler
 .text.Reserved71_IRQHandler
                0x00007ac0        0x8 CMakeFiles/MKE18F16_inverter.elf.dir/startup/startup_mke18f16.o
                0x00007ac0                Reserved71_IRQHandler
 .text.DAC0_IRQHandler
                0x00007ac8        0x8 CMakeFiles/MKE18F16_inverter.elf.dir/startup/startup_mke18f16.o
                0x00007ac8                DAC0_IRQHandler
 .text.SCG_RCM_IRQHandler
                0x00007ad0        0x8 CMakeFiles/MKE18F16_inverter.elf.dir/startup/startup_mke18f16.o
                0x00007ad0                SCG_RCM_IRQHandler
 .text.LPTMR0_IRQHandler
                0x00007ad8        0x8 CMakeFiles/MKE18F16_inverter.elf.dir/startup/startup_mke18f16.o
                0x00007ad8                LPTMR0_IRQHandler
 .text.PORTA_IRQHandler
                0x00007ae0        0x8 CMakeFiles/MKE18F16_inverter.elf.dir/startup/startup_mke18f16.o
                0x00007ae0                PORTA_IRQHandler
 .text.PORTB_IRQHandler
                0x00007ae8        0x8 CMakeFiles/MKE18F16_inverter.elf.dir/startup/startup_mke18f16.o
                0x00007ae8                PORTB_IRQHandler
 .text.PORTC_IRQHandler
                0x00007af0        0x8 CMakeFiles/MKE18F16_inverter.elf.dir/startup/startup_mke18f16.o
                0x00007af0                PORTC_IRQHandler
 .text.PORTD_IRQHandler
                0x00007af8        0x8 CMakeFiles/MKE18F16_inverter.elf.dir/startup/startup_mke18f16.o
                0x00007af8                PORTD_IRQHandler
 .text.PORTE_IRQHandler
                0x00007b00        0x8 CMakeFiles/MKE18F16_inverter.elf.dir/startup/startup_mke18f16.o
                0x00007b00                PORTE_IRQHandler
 .text.SWI_IRQHandler
                0x00007b08        0x8 CMakeFiles/MKE18F16_inverter.elf.dir/startup/startup_mke18f16.o
                0x00007b08                SWI_IRQHandler
 .text.Reserved81_IRQHandler
                0x00007b10        0x8 CMakeFiles/MKE18F16_inverter.elf.dir/startup/startup_mke18f16.o
                0x00007b10                Reserved81_IRQHandler
 .text.Reserved82_IRQHandler
                0x00007b18        0x8 CMakeFiles/MKE18F16_inverter.elf.dir/startup/startup_mke18f16.o
                0x00007b18                Reserved82_IRQHandler
 .text.Reserved83_IRQHandler
                0x00007b20        0x8 CMakeFiles/MKE18F16_inverter.elf.dir/startup/startup_mke18f16.o
                0x00007b20                Reserved83_IRQHandler
 .text.PDB1_IRQHandler
                0x00007b28        0x8 CMakeFiles/MKE18F16_inverter.elf.dir/startup/startup_mke18f16.o
                0x00007b28                PDB1_IRQHandler
 .text.FLEXIO_IRQHandler
                0x00007b30        0x8 CMakeFiles/MKE18F16_inverter.elf.dir/startup/startup_mke18f16.o
                0x00007b30                FLEXIO_IRQHandler
 .text.CMP2_IRQHandler
                0x00007b38        0x8 CMakeFiles/MKE18F16_inverter.elf.dir/startup/startup_mke18f16.o
                0x00007b38                CMP2_IRQHandler
 .text.FTM3_IRQHandler
                0x00007b40        0x8 CMakeFiles/MKE18F16_inverter.elf.dir/startup/startup_mke18f16.o
                0x00007b40                FTM3_IRQHandler
 .text.Reserved88_IRQHandler
                0x00007b48        0x8 CMakeFiles/MKE18F16_inverter.elf.dir/startup/startup_mke18f16.o
                0x00007b48                Reserved88_IRQHandler
 .text.ADC1_IRQHandler
                0x00007b50        0x8 CMakeFiles/MKE18F16_inverter.elf.dir/startup/startup_mke18f16.o
                0x00007b50                ADC1_IRQHandler
 .text.ADC2_IRQHandler
                0x00007b58        0x8 CMakeFiles/MKE18F16_inverter.elf.dir/startup/startup_mke18f16.o
                0x00007b58                ADC2_IRQHandler
 .text.Reserved91_IRQHandler
                0x00007b60        0x8 CMakeFiles/MKE18F16_inverter.elf.dir/startup/startup_mke18f16.o
                0x00007b60                Reserved91_IRQHandler
 .text.Reserved92_IRQHandler
                0x00007b68        0x8 CMakeFiles/MKE18F16_inverter.elf.dir/startup/startup_mke18f16.o
                0x00007b68                Reserved92_IRQHandler
 .text.PDB2_IRQHandler
                0x00007b70        0x8 CMakeFiles/MKE18F16_inverter.elf.dir/startup/startup_mke18f16.o
                0x00007b70                PDB2_IRQHandler
 .text.CAN0_ORed_IRQHandler
                0x00007b78        0x8 CMakeFiles/MKE18F16_inverter.elf.dir/startup/startup_mke18f16.o
                0x00007b78                CAN0_ORed_IRQHandler
 .text.CAN0_Error_IRQHandler
                0x00007b80        0x8 CMakeFiles/MKE18F16_inverter.elf.dir/startup/startup_mke18f16.o
                0x00007b80                CAN0_Error_IRQHandler
 .text.CAN0_Wake_Up_IRQHandler
                0x00007b88        0x8 CMakeFiles/MKE18F16_inverter.elf.dir/startup/startup_mke18f16.o
                0x00007b88                CAN0_Wake_Up_IRQHandler
 .text.CAN0_ORed_Message_buffer_IRQHandler
                0x00007b90        0x8 CMakeFiles/MKE18F16_inverter.elf.dir/startup/startup_mke18f16.o
                0x00007b90                CAN0_ORed_Message_buffer_IRQHandler
 .text.Reserved98_IRQHandler
                0x00007b98        0x8 CMakeFiles/MKE18F16_inverter.elf.dir/startup/startup_mke18f16.o
                0x00007b98                Reserved98_IRQHandler
 .text.Reserved99_IRQHandler
                0x00007ba0        0x8 CMakeFiles/MKE18F16_inverter.elf.dir/startup/startup_mke18f16.o
                0x00007ba0                Reserved99_IRQHandler
 .text.Reserved100_IRQHandler
                0x00007ba8        0x8 CMakeFiles/MKE18F16_inverter.elf.dir/startup/startup_mke18f16.o
                0x00007ba8                Reserved100_IRQHandler
 .text.CAN1_ORed_IRQHandler
                0x00007bb0        0x8 CMakeFiles/MKE18F16_inverter.elf.dir/startup/startup_mke18f16.o
                0x00007bb0                CAN1_ORed_IRQHandler
 .text.CAN1_Error_IRQHandler
                0x00007bb8        0x8 CMakeFiles/MKE18F16_inverter.elf.dir/startup/startup_mke18f16.o
                0x00007bb8                CAN1_Error_IRQHandler
 .text.CAN1_Wake_Up_IRQHandler
                0x00007bc0        0x8 CMakeFiles/MKE18F16_inverter.elf.dir/startup/startup_mke18f16.o
                0x00007bc0                CAN1_Wake_Up_IRQHandler
 .text.CAN1_ORed_Message_buffer_IRQHandler
                0x00007bc8        0x8 CMakeFiles/MKE18F16_inverter.elf.dir/startup/startup_mke18f16.o
                0x00007bc8                CAN1_ORed_Message_buffer_IRQHandler
 .text.memcpy   0x00007bd0        0x4 /home/gena/.mcuxpressotools/arm-gnu-toolchain-14.2.rel1-x86_64-arm-none-eabi/bin/../lib/gcc/arm-none-eabi/14.2.1/../../../../arm-none-eabi/lib/thumb/v7e-m+fp/hard/libcr_c.a(memcpy.o)
                0x00007bd0                memcpy
 .text.memset   0x00007bd4        0x4 /home/gena/.mcuxpressotools/arm-gnu-toolchain-14.2.rel1-x86_64-arm-none-eabi/bin/../lib/gcc/arm-none-eabi/14.2.1/../../../../arm-none-eabi/lib/thumb/v7e-m+fp/hard/libcr_c.a(memset.o)
                0x00007bd4                memset
 .text.__weak_main
                0x00007bd8        0x4 /home/gena/.mcuxpressotools/arm-gnu-toolchain-14.2.rel1-x86_64-arm-none-eabi/bin/../lib/gcc/arm-none-eabi/14.2.1/../../../../arm-none-eabi/lib/thumb/v7e-m+fp/hard/libcr_c.a(__weak__main.o)
                0x00007bd8                __main
                0x00007bd8                __weak_main
 .text.__assertion_failed
                0x00007bdc        0x2 /home/gena/.mcuxpressotools/arm-gnu-toolchain-14.2.rel1-x86_64-arm-none-eabi/bin/../lib/gcc/arm-none-eabi/14.2.1/../../../../arm-none-eabi/lib/thumb/v7e-m+fp/hard/libcr_c.a(_cr_assert.o)
                0x00007bdc                __assertion_failed
 .text.free     0x00007bde       0x30 /home/gena/.mcuxpressotools/arm-gnu-toolchain-14.2.rel1-x86_64-arm-none-eabi/bin/../lib/gcc/arm-none-eabi/14.2.1/../../../../arm-none-eabi/lib/thumb/v7e-m+fp/hard/libcr_c.a(alloc.o)
                0x00007bde                free
 .text.no_fp_display
                0x00007c0e        0x4 /home/gena/.mcuxpressotools/arm-gnu-toolchain-14.2.rel1-x86_64-arm-none-eabi/bin/../lib/gcc/arm-none-eabi/14.2.1/../../../../arm-none-eabi/lib/thumb/v7e-m+fp/hard/libcr_c.a(printf.o)
 .text.strlen   0x00007c12       0x4e /home/gena/.mcuxpressotools/arm-gnu-toolchain-14.2.rel1-x86_64-arm-none-eabi/bin/../lib/gcc/arm-none-eabi/14.2.1/../../../../arm-none-eabi/lib/thumb/v7e-m+fp/hard/libcr_c.a(strlen.o)
                0x00007c12                strlen
 .text._deferredlazyseek
                0x00007c60       0x40 /home/gena/.mcuxpressotools/arm-gnu-toolchain-14.2.rel1-x86_64-arm-none-eabi/bin/../lib/gcc/arm-none-eabi/14.2.1/../../../../arm-none-eabi/lib/thumb/v7e-m+fp/hard/libcr_c.a(_deferredlazyseek.o)
                0x00007c60                _deferredlazyseek
 .text.__flsbuf
                0x00007ca0      0x12a /home/gena/.mcuxpressotools/arm-gnu-toolchain-14.2.rel1-x86_64-arm-none-eabi/bin/../lib/gcc/arm-none-eabi/14.2.1/../../../../arm-none-eabi/lib/thumb/v7e-m+fp/hard/libcr_c.a(_deferredlazyseek.o)
                0x00007ca0                __flsbuf
 .text._fflush  0x00007dca       0x52 /home/gena/.mcuxpressotools/arm-gnu-toolchain-14.2.rel1-x86_64-arm-none-eabi/bin/../lib/gcc/arm-none-eabi/14.2.1/../../../../arm-none-eabi/lib/thumb/v7e-m+fp/hard/libcr_c.a(_fflush.o)
                0x00007dca                _fflush
 .text.__aeabi_memcpy
                0x00007e1c       0x34 /home/gena/.mcuxpressotools/arm-gnu-toolchain-14.2.rel1-x86_64-arm-none-eabi/bin/../lib/gcc/arm-none-eabi/14.2.1/thumb/v7e-m+fp/hard/libcr_eabihelpers.a(memcpy.o)
                0x00007e1c                __aeabi_memcpy
                0x00007e26                __aeabi_memcpy4
                0x00007e26                __aeabi_memcpy8
 .text.__aeabi_memset_lowlevel
                0x00007e50       0x32 /home/gena/.mcuxpressotools/arm-gnu-toolchain-14.2.rel1-x86_64-arm-none-eabi/bin/../lib/gcc/arm-none-eabi/14.2.1/thumb/v7e-m+fp/hard/libcr_eabihelpers.a(memcpy.o)
                0x00007e50                __aeabi_lowlevel_memset
 .text.__sys_flen
                0x00007e82        0xc /home/gena/.mcuxpressotools/arm-gnu-toolchain-14.2.rel1-x86_64-arm-none-eabi/bin/../lib/gcc/arm-none-eabi/14.2.1/../../../../arm-none-eabi/lib/thumb/v7e-m+fp/hard/libcr_semihost.a(__sys_flen.o)
                0x00007e82                __sys_flen
 .text.__sys_istty
                0x00007e8e        0xc /home/gena/.mcuxpressotools/arm-gnu-toolchain-14.2.rel1-x86_64-arm-none-eabi/bin/../lib/gcc/arm-none-eabi/14.2.1/../../../../arm-none-eabi/lib/thumb/v7e-m+fp/hard/libcr_semihost.a(__sys_istty.o)
                0x00007e8e                __sys_istty
 .text.__sys_seek
                0x00007e9a        0xc /home/gena/.mcuxpressotools/arm-gnu-toolchain-14.2.rel1-x86_64-arm-none-eabi/bin/../lib/gcc/arm-none-eabi/14.2.1/../../../../arm-none-eabi/lib/thumb/v7e-m+fp/hard/libcr_semihost.a(__sys_seek.o)
                0x00007e9a                __sys_seek
 .text.__sys_write
                0x00007ea6        0xc /home/gena/.mcuxpressotools/arm-gnu-toolchain-14.2.rel1-x86_64-arm-none-eabi/bin/../lib/gcc/arm-none-eabi/14.2.1/../../../../arm-none-eabi/lib/thumb/v7e-m+fp/hard/libcr_semihost.a(__sys_write.o)
                0x00007ea6                __sys_write
 *freertos*/tasks.o(SORT_BY_ALIGNMENT(.rodata*))
 .rodata.vTaskStartScheduler.str1.4
                0x00007eb2        0x5 CMakeFiles/MKE18F16_inverter.elf.dir/freertos/freertos_kernel/tasks.o
 *(SORT_BY_ALIGNMENT(.rodata) SORT_BY_ALIGNMENT(.rodata.*) SORT_BY_ALIGNMENT(.constdata) SORT_BY_ALIGNMENT(.constdata.*))
 *fill*         0x00007eb2        0x2 ff
 .rodata.CLOCK_EnableClock.str1.4
                0x00007eb4     0x14ef CMakeFiles/MKE18F16_inverter.elf.dir/board/pin_mux.o
                                 0x9e (size before relaxing)
 .rodata.PORT_SetPinConfig.str1.4
                0x000093a3       0x66 CMakeFiles/MKE18F16_inverter.elf.dir/board/pin_mux.o
 *fill*         0x000093a3        0x1 ff
 .rodata.FTM1_config
                0x000093a4       0x1c CMakeFiles/MKE18F16_inverter.elf.dir/board/peripherals.o
                0x000093a4                FTM1_config
 .rodata.FTM1_combinedPwmSignalParams
                0x000093c0        0x6 CMakeFiles/MKE18F16_inverter.elf.dir/board/peripherals.o
                0x000093c0                FTM1_combinedPwmSignalParams
 *fill*         0x000093c6        0x2 ff
 .rodata.ADC0_config
                0x000093c8        0xc CMakeFiles/MKE18F16_inverter.elf.dir/board/peripherals.o
                0x000093c8                ADC0_config
 .rodata.PDB0_config
                0x000093d4        0x5 CMakeFiles/MKE18F16_inverter.elf.dir/board/peripherals.o
                0x000093d4                PDB0_config
 .rodata.CLOCK_SetIpSrc.str1.4
                0x000093d9      0x101 CMakeFiles/MKE18F16_inverter.elf.dir/board/clock_config.o
 .rodata.CLOCK_SetRunModeSysClkConfig.str1.4
                0x000093d9       0x67 CMakeFiles/MKE18F16_inverter.elf.dir/board/clock_config.o
 .rodata.CLOCK_GetCurSysClkConfig.str1.4
                0x000093d9       0x67 CMakeFiles/MKE18F16_inverter.elf.dir/board/clock_config.o
 *fill*         0x000093d9        0x3 ff
 .rodata        0x000093dc        0x8 CMakeFiles/MKE18F16_inverter.elf.dir/board/clock_config.o
 .rodata.g_sysClkConfig_BOARD_BootClockRUN
                0x000093e4        0x4 CMakeFiles/MKE18F16_inverter.elf.dir/board/clock_config.o
                0x000093e4                g_sysClkConfig_BOARD_BootClockRUN
 .rodata.g_scgSircConfig_BOARD_BootClockRUN
                0x000093e8        0x8 CMakeFiles/MKE18F16_inverter.elf.dir/board/clock_config.o
                0x000093e8                g_scgSircConfig_BOARD_BootClockRUN
 .rodata.g_scgFircConfig_BOARD_BootClockRUN
                0x000093f0        0xc CMakeFiles/MKE18F16_inverter.elf.dir/board/clock_config.o
                0x000093f0                g_scgFircConfig_BOARD_BootClockRUN
 .rodata.g_scgSysPllConfig_BOARD_BootClockRUN
                0x000093fc       0x10 CMakeFiles/MKE18F16_inverter.elf.dir/board/clock_config.o
                0x000093fc                g_scgSysPllConfig_BOARD_BootClockRUN
 .rodata.CLOCK_SetIpSrc.str1.4
                0x0000940c      0x101 CMakeFiles/MKE18F16_inverter.elf.dir/board/board.o
 .rodata.CLOCK_EnableClock.str1.4
                0x0000940c       0x9e CMakeFiles/MKE18F16_inverter.elf.dir/drivers/fsl_pdb.o
 .rodata.s_pdbBases
                0x0000940c        0xc CMakeFiles/MKE18F16_inverter.elf.dir/drivers/fsl_pdb.o
 .rodata.s_pdbClocks
                0x00009418        0xc CMakeFiles/MKE18F16_inverter.elf.dir/drivers/fsl_pdb.o
 .rodata.PDB_GetInstance.str1.4
                0x00009424       0x7f CMakeFiles/MKE18F16_inverter.elf.dir/drivers/fsl_pdb.o
 .rodata.PDB_Init.str1.4
                0x00009424       0x6c CMakeFiles/MKE18F16_inverter.elf.dir/drivers/fsl_pdb.o
 .rodata.GPIO_PinInit.str1.4
                0x00009424       0x6e CMakeFiles/MKE18F16_inverter.elf.dir/drivers/fsl_gpio.o
 .rodata.CLOCK_EnableClock.str1.4
                0x00009424       0x9e CMakeFiles/MKE18F16_inverter.elf.dir/drivers/fsl_ftm.o
 .rodata.s_ftmBases
                0x00009424       0x10 CMakeFiles/MKE18F16_inverter.elf.dir/drivers/fsl_ftm.o
 .rodata.s_ftmClocks
                0x00009434       0x10 CMakeFiles/MKE18F16_inverter.elf.dir/drivers/fsl_ftm.o
 .rodata.FTM_GetInstance.str1.4
                0x00009444       0x76 CMakeFiles/MKE18F16_inverter.elf.dir/drivers/fsl_ftm.o
 .rodata.FTM_SetReloadPoints.str1.4
                0x00009444       0x6e CMakeFiles/MKE18F16_inverter.elf.dir/drivers/fsl_ftm.o
 .rodata.FTM_Init.str1.4
                0x00009444       0x65 CMakeFiles/MKE18F16_inverter.elf.dir/drivers/fsl_ftm.o
 .rodata.FTM_SetupPwmMode.str1.4
                0x00009444      0x148 CMakeFiles/MKE18F16_inverter.elf.dir/drivers/fsl_ftm.o
 .rodata.CLOCK_EnableClock.str1.4
                0x00009444       0x9e CMakeFiles/MKE18F16_inverter.elf.dir/drivers/fsl_edma.o
 .rodata.s_edmaIRQNumber
                0x00009444       0x10 CMakeFiles/MKE18F16_inverter.elf.dir/drivers/fsl_edma.o
 .rodata.EDMA_GetInstance.str1.4
                0x00009454       0x81 CMakeFiles/MKE18F16_inverter.elf.dir/drivers/fsl_edma.o
 .rodata.EDMA_Init.str1.4
                0x00009454       0x6e CMakeFiles/MKE18F16_inverter.elf.dir/drivers/fsl_edma.o
 .rodata.EDMA_EnableChannelInterrupts.str1.4
                0x00009454       0x93 CMakeFiles/MKE18F16_inverter.elf.dir/drivers/fsl_edma.o
 .rodata.EDMA_ClearChannelStatusFlags.str1.4
                0x00009454       0x93 CMakeFiles/MKE18F16_inverter.elf.dir/drivers/fsl_edma.o
 .rodata.EDMA_GetInstanceOffset.str1.4
                0x00009454       0x7c CMakeFiles/MKE18F16_inverter.elf.dir/drivers/fsl_edma.o
 .rodata.EDMA_CreateHandle.str1.4
                0x00009454      0x103 CMakeFiles/MKE18F16_inverter.elf.dir/drivers/fsl_edma.o
 .rodata.EDMA_SetCallback.str1.4
                0x00009454       0x6e CMakeFiles/MKE18F16_inverter.elf.dir/drivers/fsl_edma.o
 .rodata.EDMA_StartTransfer.str1.4
                0x00009454       0x6f CMakeFiles/MKE18F16_inverter.elf.dir/drivers/fsl_edma.o
 .rodata.EDMA_HandleIRQ.str1.4
                0x00009454       0x6f CMakeFiles/MKE18F16_inverter.elf.dir/drivers/fsl_edma.o
 .rodata.CLOCK_EnableClock.str1.4
                0x00009454       0x9e CMakeFiles/MKE18F16_inverter.elf.dir/drivers/fsl_dmamux.o
 .rodata.DMAMUX_GetInstance.str1.4
                0x00009454       0x85 CMakeFiles/MKE18F16_inverter.elf.dir/drivers/fsl_dmamux.o
 .rodata.CLOCK_GetIpFreq.str1.4
                0x00009454       0x79 CMakeFiles/MKE18F16_inverter.elf.dir/drivers/fsl_clock.o
 .rodata.CLOCK_GetSysOscFreq.str1.4
                0x00009454       0x6c CMakeFiles/MKE18F16_inverter.elf.dir/drivers/fsl_clock.o
 .rodata.CLOCK_InitSirc.str1.4
                0x00009454       0x67 CMakeFiles/MKE18F16_inverter.elf.dir/drivers/fsl_clock.o
 .rodata.CLOCK_InitFirc.str1.4
                0x00009454       0x67 CMakeFiles/MKE18F16_inverter.elf.dir/drivers/fsl_clock.o
 .rodata.CLOCK_InitSysPll.str1.4
                0x00009454       0x68 CMakeFiles/MKE18F16_inverter.elf.dir/drivers/fsl_clock.o
 .rodata.sircFreq.1
                0x00009454        0x8 CMakeFiles/MKE18F16_inverter.elf.dir/drivers/fsl_clock.o
 .rodata.fircFreq.0
                0x0000945c       0x10 CMakeFiles/MKE18F16_inverter.elf.dir/drivers/fsl_clock.o
 .rodata.CLOCK_EnableClock.str1.4
                0x0000946c       0x9e CMakeFiles/MKE18F16_inverter.elf.dir/drivers/fsl_adc12.o
 .rodata.ADC12_GetChannelConversionValue.str1.4
                0x0000946c       0x9a CMakeFiles/MKE18F16_inverter.elf.dir/drivers/fsl_adc12.o
 .rodata.s_adc12Bases
                0x0000946c        0xc CMakeFiles/MKE18F16_inverter.elf.dir/drivers/fsl_adc12.o
 .rodata.s_adc12Clocks
                0x00009478        0xc CMakeFiles/MKE18F16_inverter.elf.dir/drivers/fsl_adc12.o
 .rodata.ADC12_GetInstance.str1.4
                0x00009484       0x83 CMakeFiles/MKE18F16_inverter.elf.dir/drivers/fsl_adc12.o
 .rodata.ADC12_Init.str1.4
                0x00009484       0x67 CMakeFiles/MKE18F16_inverter.elf.dir/drivers/fsl_adc12.o
 .rodata.ADC12_GetChannelStatusFlags.str1.4
                0x00009484       0x7d CMakeFiles/MKE18F16_inverter.elf.dir/drivers/fsl_adc12.o
 .rodata.ADC12_SetHardwareAverage.str1.4
                0x00009484       0x66 CMakeFiles/MKE18F16_inverter.elf.dir/drivers/fsl_adc12.o
 .rodata.xTimerCreateTimerTask.str1.4
                0x00009484        0x8 CMakeFiles/MKE18F16_inverter.elf.dir/freertos/freertos_kernel/timers.o
 .rodata.prvCheckForValidListAndQueue.str1.4
                0x00009484        0x5 CMakeFiles/MKE18F16_inverter.elf.dir/freertos/freertos_kernel/timers.o
 .rodata        0x00009484      0x310 CMakeFiles/MKE18F16_inverter.elf.dir/source/MKE18F16_inverter.o
 .rodata        0x00009794      0x1b0 CMakeFiles/MKE18F16_inverter.elf.dir/source/inverter/ftm_spwm_dma.o
 .rodata.DMAMUX_EnableChannel.str1.4
                0x00009944       0x96 CMakeFiles/MKE18F16_inverter.elf.dir/source/inverter/board_init_ext.o
 .rodata.DMAMUX_SetSource.str1.4
                0x00009944       0x97 CMakeFiles/MKE18F16_inverter.elf.dir/source/inverter/board_init_ext.o
 .rodata.PDB_SetADCPreTriggerConfig.str1.4
                0x00009944      0x105 CMakeFiles/MKE18F16_inverter.elf.dir/source/inverter/board_init_ext.o
 .rodata.PDB_SetADCPreTriggerDelayValue.str1.4
                0x00009944      0x145 CMakeFiles/MKE18F16_inverter.elf.dir/source/inverter/board_init_ext.o
 .rodata.s_edmaConfig
                0x00009944        0x4 CMakeFiles/MKE18F16_inverter.elf.dir/source/inverter/board_init_ext.o
 .rodata.prv_PatchPeripherals.str1.4
                0x00009948       0x83 CMakeFiles/MKE18F16_inverter.elf.dir/source/inverter/board_init_ext.o
 .rodata        0x00009948        0xc CMakeFiles/MKE18F16_inverter.elf.dir/source/inverter/board_init_ext.o
 .rodata        0x00009954       0x4f CMakeFiles/MKE18F16_inverter.elf.dir/source/inverter/app_buttons_led.o
 .rodata._Csys_alloc.str1.1
                0x000099a3       0x4f /home/gena/.mcuxpressotools/arm-gnu-toolchain-14.2.rel1-x86_64-arm-none-eabi/bin/../lib/gcc/arm-none-eabi/14.2.1/../../../../arm-none-eabi/lib/thumb/v7e-m+fp/hard/libcr_c.a(alloc.o)
                                 0x18 (size before relaxing)
 .rodata.__vfprintf.str1.1
                0x000099f2       0x38 /home/gena/.mcuxpressotools/arm-gnu-toolchain-14.2.rel1-x86_64-arm-none-eabi/bin/../lib/gcc/arm-none-eabi/14.2.1/../../../../arm-none-eabi/lib/thumb/v7e-m+fp/hard/libcr_c.a(printf.o)
                0x00009a90                        . = ALIGN (0x8)
 *fill*         0x000099f2        0x6 ff

.glue_7         0x000099f8        0x0
 .glue_7        0x000099f8        0x0 linker stubs

.glue_7t        0x000099f8        0x0
 .glue_7t       0x000099f8        0x0 linker stubs

.vfp11_veneer   0x000099f8        0x0
 .vfp11_veneer  0x000099f8        0x0 linker stubs

.v4_bx          0x000099f8        0x0
 .v4_bx         0x000099f8        0x0 linker stubs

.iplt           0x000099f8        0x0
 .iplt          0x000099f8        0x0 CMakeFiles/MKE18F16_inverter.elf.dir/board/pin_mux.o

.rel.dyn        0x000099f8        0x0
 .rel.iplt      0x000099f8        0x0 CMakeFiles/MKE18F16_inverter.elf.dir/board/pin_mux.o

.ARM.extab
 *(SORT_BY_ALIGNMENT(.ARM.extab*) SORT_BY_ALIGNMENT(.gnu.linkonce.armextab.*))

.ARM.exidx      0x000099f8        0x0
                0x000099f8                        __exidx_start = .
 *(SORT_BY_ALIGNMENT(.ARM.exidx*) SORT_BY_ALIGNMENT(.gnu.linkonce.armexidx.*))
                0x000099f8                        __exidx_end = .
                0x000099f8                        _etext = .

.data_RAM2      0x1fff8000        0x0 load address 0x000099f8
 FILL mask 0xff
                [!provide]                        PROVIDE (__start_data_RAM2 = .)
                [!provide]                        PROVIDE (__start_data_SRAM_LOWER = .)
 *(SORT_BY_ALIGNMENT(.ramfunc.$RAM2))
 *(SORT_BY_ALIGNMENT(.ramfunc.$SRAM_LOWER))
 *(SORT_BY_ALIGNMENT(.data.$RAM2))
 *(SORT_BY_ALIGNMENT(.data.$SRAM_LOWER))
 *(SORT_BY_ALIGNMENT(.data.$RAM2.*))
 *(SORT_BY_ALIGNMENT(.data.$SRAM_LOWER.*))
                0x1fff8000                        . = ALIGN (0x8)
                [!provide]                        PROVIDE (__end_data_RAM2 = .)
                [!provide]                        PROVIDE (__end_data_SRAM_LOWER = .)

.data_RAM3      0x14000000        0x0 load address 0x000099f8
 FILL mask 0xff
                [!provide]                        PROVIDE (__start_data_RAM3 = .)
                [!provide]                        PROVIDE (__start_data_FLEX_RAM = .)
 *(SORT_BY_ALIGNMENT(.ramfunc.$RAM3))
 *(SORT_BY_ALIGNMENT(.ramfunc.$FLEX_RAM))
 *(SORT_BY_ALIGNMENT(.data.$RAM3))
 *(SORT_BY_ALIGNMENT(.data.$FLEX_RAM))
 *(SORT_BY_ALIGNMENT(.data.$RAM3.*))
 *(SORT_BY_ALIGNMENT(.data.$FLEX_RAM.*))
                0x14000000                        . = ALIGN (0x8)
                [!provide]                        PROVIDE (__end_data_RAM3 = .)
                [!provide]                        PROVIDE (__end_data_FLEX_RAM = .)

.uninit_RESERVED
                0x20000000        0x0
                0x20000000                        _start_uninit_RESERVED = .
 *(SORT_BY_ALIGNMENT(.bss.$RESERVED*))
                0x20000000                        . = ALIGN (0x8)
                0x20000000                        _end_uninit_RESERVED = .

.data           0x20000000       0x18 load address 0x000099f8
 FILL mask 0xff
                0x20000000                        _data = .
                [!provide]                        PROVIDE (__start_data_RAM = .)
                [!provide]                        PROVIDE (__start_data_SRAM_UPPER = .)
 *(SORT_BY_ALIGNMENT(vtable))
 *(SORT_BY_ALIGNMENT(.ramfunc*))
 *(SORT_BY_ALIGNMENT(CodeQuickAccess))
 *(SORT_BY_ALIGNMENT(DataQuickAccess))
 *(SORT_BY_ALIGNMENT(RamFunction))
 *(SORT_BY_ALIGNMENT(.data*))
 .data.SystemCoreClock
                0x20000000        0x4 CMakeFiles/MKE18F16_inverter.elf.dir/device/system_MKE18F16.o
                0x20000000                SystemCoreClock
 .data.uxCriticalNesting
                0x20000004        0x4 CMakeFiles/MKE18F16_inverter.elf.dir/freertos/freertos_kernel/portable/GCC/ARM_CM4F/port.o
 .data.gfltSinCoef
                0x20000008        0xc /home/gena/Документы/PlatformIO/mcuxpresso/MKE18F16_inverter/libs/GFLIB/libGFLIB.a(GFLIB_SinCos_FLT.o)
                0x20000008                gfltSinCoef
                0x20000018                        . = ALIGN (0x8)
 *fill*         0x20000014        0x4 ff
                0x20000018                        _edata = .
                [!provide]                        PROVIDE (__end_data_RAM = .)
                [!provide]                        PROVIDE (__end_data_SRAM_UPPER = .)

.igot.plt       0x20000018        0x0 load address 0x00009a10
 .igot.plt      0x20000018        0x0 CMakeFiles/MKE18F16_inverter.elf.dir/board/pin_mux.o

.bss_RAM2       0x1fff8000        0x0
                [!provide]                        PROVIDE (__start_bss_RAM2 = .)
                [!provide]                        PROVIDE (__start_bss_SRAM_LOWER = .)